Archive member included to satisfy reference by file (symbol)

/usr/lib/gcc/arm-none-eabi/15.2.0/../../../../arm-none-eabi/lib/thumb/v7e-m+fp/hard/libc_nano.a(libc_a-atexit.o)
                              /usr/lib/gcc/arm-none-eabi/15.2.0/../../../../arm-none-eabi/lib/thumb/v7e-m+fp/hard/crt0.o (atexit)
/usr/lib/gcc/arm-none-eabi/15.2.0/../../../../arm-none-eabi/lib/thumb/v7e-m+fp/hard/libc_nano.a(libc_a-exit.o)
                              /usr/lib/gcc/arm-none-eabi/15.2.0/../../../../arm-none-eabi/lib/thumb/v7e-m+fp/hard/crt0.o (exit)
/usr/lib/gcc/arm-none-eabi/15.2.0/../../../../arm-none-eabi/lib/thumb/v7e-m+fp/hard/libc_nano.a(libc_a-findfp.o)
                              /usr/lib/gcc/arm-none-eabi/15.2.0/../../../../arm-none-eabi/lib/thumb/v7e-m+fp/hard/libc_nano.a(libc_a-exit.o) (__stdio_exit_handler)
/usr/lib/gcc/arm-none-eabi/15.2.0/../../../../arm-none-eabi/lib/thumb/v7e-m+fp/hard/libc_nano.a(libc_a-fwalk.o)
                              /usr/lib/gcc/arm-none-eabi/15.2.0/../../../../arm-none-eabi/lib/thumb/v7e-m+fp/hard/libc_nano.a(libc_a-findfp.o) (_fwalk_sglue)
/usr/lib/gcc/arm-none-eabi/15.2.0/../../../../arm-none-eabi/lib/thumb/v7e-m+fp/hard/libc_nano.a(libc_a-stdio.o)
                              /usr/lib/gcc/arm-none-eabi/15.2.0/../../../../arm-none-eabi/lib/thumb/v7e-m+fp/hard/libc_nano.a(libc_a-findfp.o) (__sread)
/usr/lib/gcc/arm-none-eabi/15.2.0/../../../../arm-none-eabi/lib/thumb/v7e-m+fp/hard/libc_nano.a(libc_a-memset.o)
                              /usr/lib/gcc/arm-none-eabi/15.2.0/../../../../arm-none-eabi/lib/thumb/v7e-m+fp/hard/crt0.o (memset)
/usr/lib/gcc/arm-none-eabi/15.2.0/../../../../arm-none-eabi/lib/thumb/v7e-m+fp/hard/libc_nano.a(libc_a-closer.o)
                              /usr/lib/gcc/arm-none-eabi/15.2.0/../../../../arm-none-eabi/lib/thumb/v7e-m+fp/hard/libc_nano.a(libc_a-stdio.o) (_close_r)
/usr/lib/gcc/arm-none-eabi/15.2.0/../../../../arm-none-eabi/lib/thumb/v7e-m+fp/hard/libc_nano.a(libc_a-reent.o)
                              /usr/lib/gcc/arm-none-eabi/15.2.0/../../../../arm-none-eabi/lib/thumb/v7e-m+fp/hard/libc_nano.a(libc_a-closer.o) (errno)
/usr/lib/gcc/arm-none-eabi/15.2.0/../../../../arm-none-eabi/lib/thumb/v7e-m+fp/hard/libc_nano.a(libc_a-impure.o)
                              /usr/lib/gcc/arm-none-eabi/15.2.0/../../../../arm-none-eabi/lib/thumb/v7e-m+fp/hard/libc_nano.a(libc_a-reent.o) (_impure_ptr)
/usr/lib/gcc/arm-none-eabi/15.2.0/../../../../arm-none-eabi/lib/thumb/v7e-m+fp/hard/libc_nano.a(libc_a-lseekr.o)
                              /usr/lib/gcc/arm-none-eabi/15.2.0/../../../../arm-none-eabi/lib/thumb/v7e-m+fp/hard/libc_nano.a(libc_a-stdio.o) (_lseek_r)
/usr/lib/gcc/arm-none-eabi/15.2.0/../../../../arm-none-eabi/lib/thumb/v7e-m+fp/hard/libc_nano.a(libc_a-readr.o)
                              /usr/lib/gcc/arm-none-eabi/15.2.0/../../../../arm-none-eabi/lib/thumb/v7e-m+fp/hard/libc_nano.a(libc_a-stdio.o) (_read_r)
/usr/lib/gcc/arm-none-eabi/15.2.0/../../../../arm-none-eabi/lib/thumb/v7e-m+fp/hard/libc_nano.a(libc_a-writer.o)
                              /usr/lib/gcc/arm-none-eabi/15.2.0/../../../../arm-none-eabi/lib/thumb/v7e-m+fp/hard/libc_nano.a(libc_a-stdio.o) (_write_r)
/usr/lib/gcc/arm-none-eabi/15.2.0/../../../../arm-none-eabi/lib/thumb/v7e-m+fp/hard/libc_nano.a(libc_a-errno.o)
                              build/sysmem.o (__errno)
/usr/lib/gcc/arm-none-eabi/15.2.0/../../../../arm-none-eabi/lib/thumb/v7e-m+fp/hard/libc_nano.a(libc_a-init.o)
                              /usr/lib/gcc/arm-none-eabi/15.2.0/../../../../arm-none-eabi/lib/thumb/v7e-m+fp/hard/crt0.o (__libc_init_array)
/usr/lib/gcc/arm-none-eabi/15.2.0/../../../../arm-none-eabi/lib/thumb/v7e-m+fp/hard/libc_nano.a(libc_a-fini.o)
                              /usr/lib/gcc/arm-none-eabi/15.2.0/../../../../arm-none-eabi/lib/thumb/v7e-m+fp/hard/crt0.o (__libc_fini_array)
/usr/lib/gcc/arm-none-eabi/15.2.0/../../../../arm-none-eabi/lib/thumb/v7e-m+fp/hard/libc_nano.a(libc_a-lock.o)
                              /usr/lib/gcc/arm-none-eabi/15.2.0/../../../../arm-none-eabi/lib/thumb/v7e-m+fp/hard/libc_nano.a(libc_a-findfp.o) (__retarget_lock_init_recursive)
/usr/lib/gcc/arm-none-eabi/15.2.0/../../../../arm-none-eabi/lib/thumb/v7e-m+fp/hard/libc_nano.a(libc_a-strlen.o)
                              build/main.o (strlen)
/usr/lib/gcc/arm-none-eabi/15.2.0/../../../../arm-none-eabi/lib/thumb/v7e-m+fp/hard/libc_nano.a(libc_a-__atexit.o)
                              /usr/lib/gcc/arm-none-eabi/15.2.0/../../../../arm-none-eabi/lib/thumb/v7e-m+fp/hard/libc_nano.a(libc_a-atexit.o) (__register_exitproc)
/usr/lib/gcc/arm-none-eabi/15.2.0/../../../../arm-none-eabi/lib/thumb/v7e-m+fp/hard/libc_nano.a(libc_a-__call_atexit.o)
                              /usr/lib/gcc/arm-none-eabi/15.2.0/../../../../arm-none-eabi/lib/thumb/v7e-m+fp/hard/libc_nano.a(libc_a-__atexit.o) (__call_exitprocs)
/usr/lib/gcc/arm-none-eabi/15.2.0/../../../../arm-none-eabi/lib/thumb/v7e-m+fp/hard/libc_nano.a(libc_a-freer.o)
[...]
Memory Configuration

Name             Origin             Length             Attributes
RAM              0x20000000         0x00020000         xrw
FLASH            0x08000000         0x00080000         xr
*default*        0x00000000         0xffffffff

Linker script and memory map

LOAD /usr/lib/gcc/arm-none-eabi/15.2.0/thumb/v7e-m+fp/hard/crti.o
LOAD /usr/lib/gcc/arm-none-eabi/15.2.0/thumb/v7e-m+fp/hard/crtbegin.o
LOAD /usr/lib/gcc/arm-none-eabi/15.2.0/../../../../arm-none-eabi/lib/thumb/v7e-m+fp/hard/crt0.o
LOAD build/main.o
LOAD build/stm32f4xx_it.o
LOAD build/stm32f4xx_hal_msp.o
LOAD build/usb_device.o
LOAD build/usbd_desc.o
LOAD build/usbd_cdc_if.o
LOAD build/usbd_conf.o
LOAD build/stm32f4xx_hal_pcd.o
LOAD build/stm32f4xx_hal_pcd_ex.o
LOAD build/stm32f4xx_ll_usb.o
LOAD build/stm32f4xx_hal_rcc.o
LOAD build/stm32f4xx_hal_rcc_ex.o
LOAD build/stm32f4xx_hal_flash.o
LOAD build/stm32f4xx_hal_flash_ex.o
LOAD build/stm32f4xx_hal_flash_ramfunc.o
LOAD build/stm32f4xx_hal_gpio.o
LOAD build/stm32f4xx_hal_dma_ex.o
LOAD build/stm32f4xx_hal_dma.o
LOAD build/stm32f4xx_hal_pwr.o
LOAD build/stm32f4xx_hal_pwr_ex.o
LOAD build/stm32f4xx_hal_cortex.o
LOAD build/stm32f4xx_hal.o
LOAD build/stm32f4xx_hal_exti.o
LOAD build/system_stm32f4xx.o
LOAD build/usbd_core.o
LOAD build/usbd_ctlreq.o
LOAD build/usbd_ioreq.o
LOAD build/usbd_cdc.o
LOAD build/sysmem.o
LOAD build/syscalls.o
LOAD build/startup_stm32f411xe.o
LOAD /usr/lib/gcc/arm-none-eabi/15.2.0/../../../../arm-none-eabi/lib/thumb/v7e-m+fp/hard/libc_nano.a
LOAD /usr/lib/gcc/arm-none-eabi/15.2.0/../../../../arm-none-eabi/lib/thumb/v7e-m+fp/hard/libm.a
LOAD /usr/lib/gcc/arm-none-eabi/15.2.0/../../../../arm-none-eabi/lib/thumb/v7e-m+fp/hard/libnosys.a
START GROUP
LOAD /usr/lib/gcc/arm-none-eabi/15.2.0/thumb/v7e-m+fp/hard/libgcc.a
LOAD /usr/lib/gcc/arm-none-eabi/15.2.0/../../../../arm-none-eabi/lib/thumb/v7e-m+fp/hard/libc_nano.a
END GROUP
START GROUP
LOAD /usr/lib/gcc/arm-none-eabi/15.2.0/thumb/v7e-m+fp/hard/libgcc.a
LOAD /usr/lib/gcc/arm-none-eabi/15.2.0/../../../../arm-none-eabi/lib/thumb/v7e-m+fp/hard/libc_nano.a
END GROUP
LOAD /usr/lib/gcc/arm-none-eabi/15.2.0/thumb/v7e-m+fp/hard/crtend.o
LOAD /usr/lib/gcc/arm-none-eabi/15.2.0/thumb/v7e-m+fp/hard/crtn.o
                0x20020000                        _estack = (ORIGIN (RAM) + LENGTH (RAM))
                0x00000200                        _Min_Heap_Size = 0x200
                0x00000400                        _Min_Stack_Size = 0x400

.isr_vector     0x08000000      0x198
                0x08000000                        . = ALIGN (0x4)
 *(.isr_vector)
 .isr_vector    0x08000000      0x198 build/startup_stm32f411xe.o
                0x08000000                g_pfnVectors
                0x08000198                        . = ALIGN (0x4)

.text           0x08000198     0x3ee4
                0x08000198                        . = ALIGN (0x4)
 *(.text)
 .text          0x08000198       0x88 /usr/lib/gcc/arm-none-eabi/15.2.0/thumb/v7e-m+fp/hard/crtbegin.o
 .text          0x08000220       0x10 /usr/lib/gcc/arm-none-eabi/15.2.0/../../../../arm-none-eabi/lib/thumb/v7e-m+fp/hard/libc_nano.a(libc_a-strlen.o)
                0x08000220                strlen
 .text          0x08000230       0x30 /usr/lib/gcc/arm-none-eabi/15.2.0/thumb/v7e-m+fp/hard/libgcc.a(_aeabi_uldivmod.o)
                0x08000230                __aeabi_uldivmod
 .text          0x08000260      0x320 /usr/lib/gcc/arm-none-eabi/15.2.0/thumb/v7e-m+fp/hard/libgcc.a(_udivmoddi4.o)
                0x08000260                __udivmoddi4
 .text          0x08000580        0x4 /usr/lib/gcc/arm-none-eabi/15.2.0/thumb/v7e-m+fp/hard/libgcc.a(_dvmd_tls.o)
                0x08000580                __aeabi_ldiv0
                0x08000580                __aeabi_idiv0
 *(.text*)
 .text.MX_GPIO_Init
                0x08000584       0x84 build/main.o
 .text.Error_Handler
                0x08000608        0x4 build/main.o
                0x08000608                Error_Handler
 .text.SystemClock_Config
                0x0800060c       0xa4 build/main.o
                0x0800060c                SystemClock_Config
 .text.main     0x080006b0       0x8c build/main.o
                0x080006b0                main
 .text.NMI_Handler
                0x0800073c        0x2 build/stm32f4xx_it.o
                0x0800073c                NMI_Handler
 .text.HardFault_Handler
                0x0800073e        0x2 build/stm32f4xx_it.o
                0x0800073e                HardFault_Handler
 .text.MemManage_Handler
                0x08000740        0x2 build/stm32f4xx_it.o
                0x08000740                MemManage_Handler
 .text.BusFault_Handler
                0x08000742        0x2 build/stm32f4xx_it.o
                0x08000742                BusFault_Handler
 .text.UsageFault_Handler
                0x08000744        0x2 build/stm32f4xx_it.o
                0x08000744                UsageFault_Handler
 .text.SVC_Handler
                0x08000746        0x2 build/stm32f4xx_it.o
                0x08000746                SVC_Handler
 .text.DebugMon_Handler
                0x08000748        0x2 build/stm32f4xx_it.o
                0x08000748                DebugMon_Handler
 .text.PendSV_Handler
                0x0800074a        0x2 build/stm32f4xx_it.o
                0x0800074a                PendSV_Handler
 .text.SysTick_Handler
                0x0800074c        0x8 build/stm32f4xx_it.o
                0x0800074c                SysTick_Handler
 .text.OTG_FS_IRQHandler
                0x08000754       0x10 build/stm32f4xx_it.o
                0x08000754                OTG_FS_IRQHandler
 .text.HAL_MspInit
                0x08000764       0x38 build/stm32f4xx_hal_msp.o
                0x08000764                HAL_MspInit
 .text.MX_USB_DEVICE_Init
                0x0800079c       0x54 build/usb_device.o
                0x0800079c                MX_USB_DEVICE_Init
 .text.USBD_FS_DeviceDescriptor
                0x080007f0        0xc build/usbd_desc.o
                0x080007f0                USBD_FS_DeviceDescriptor
 .text.USBD_FS_LangIDStrDescriptor
                0x080007fc        0xc build/usbd_desc.o
                0x080007fc                USBD_FS_LangIDStrDescriptor
 .text.IntToUnicode
                0x08000808       0x44 build/usbd_desc.o
 .text.Get_SerialNum
                0x0800084c       0x38 build/usbd_desc.o
 .text.USBD_FS_SerialStrDescriptor
                0x08000884       0x14 build/usbd_desc.o
                0x08000884                USBD_FS_SerialStrDescriptor
 .text.USBD_FS_ProductStrDescriptor
                0x08000898       0x24 build/usbd_desc.o
                0x08000898                USBD_FS_ProductStrDescriptor
 .text.USBD_FS_ManufacturerStrDescriptor
                0x080008bc       0x1c build/usbd_desc.o
                0x080008bc                USBD_FS_ManufacturerStrDescriptor
 .text.USBD_FS_ConfigStrDescriptor
                0x080008d8       0x24 build/usbd_desc.o
                0x080008d8                USBD_FS_ConfigStrDescriptor
 .text.USBD_FS_InterfaceStrDescriptor
                0x080008fc       0x24 build/usbd_desc.o
                0x080008fc                USBD_FS_InterfaceStrDescriptor
 .text.CDC_DeInit_FS
                0x08000920        0x4 build/usbd_cdc_if.o
 .text.CDC_Control_FS
                0x08000924        0x4 build/usbd_cdc_if.o
 .text.CDC_TransmitCplt_FS
                0x08000928        0x4 build/usbd_cdc_if.o
 .text.CDC_Receive_FS
                0x0800092c       0x1c build/usbd_cdc_if.o
 .text.CDC_Init_FS
                0x08000948       0x28 build/usbd_cdc_if.o
 .text.CDC_Transmit_FS
                0x08000970       0x28 build/usbd_cdc_if.o
                0x08000970                CDC_Transmit_FS
 .text.HAL_PCD_MspInit
                0x08000998       0x88 build/usbd_conf.o
                0x08000998                HAL_PCD_MspInit
 .text.HAL_PCD_SetupStageCallback
                0x08000a20       0x10 build/usbd_conf.o
                0x08000a20                HAL_PCD_SetupStageCallback
 .text.HAL_PCD_DataOutStageCallback
                0x08000a30       0x18 build/usbd_conf.o
                0x08000a30                HAL_PCD_DataOutStageCallback
 .text.HAL_PCD_DataInStageCallback
                0x08000a48       0x16 build/usbd_conf.o
                0x08000a48                HAL_PCD_DataInStageCallback
 .text.HAL_PCD_SOFCallback
                0x08000a5e        0xc build/usbd_conf.o
                0x08000a5e                HAL_PCD_SOFCallback
 .text.HAL_PCD_ResetCallback
                0x08000a6a       0x24 build/usbd_conf.o
                0x08000a6a                HAL_PCD_ResetCallback
 *fill*         0x08000a8e        0x2 
 .text.HAL_PCD_SuspendCallback
                0x08000a90       0x30 build/usbd_conf.o
                0x08000a90                HAL_PCD_SuspendCallback
 .text.HAL_PCD_ResumeCallback
                0x08000ac0        0xc build/usbd_conf.o
                0x08000ac0                HAL_PCD_ResumeCallback
 .text.HAL_PCD_ISOOUTIncompleteCallback
                0x08000acc        0xc build/usbd_conf.o
                0x08000acc                HAL_PCD_ISOOUTIncompleteCallback
 .text.HAL_PCD_ISOINIncompleteCallback
                0x08000ad8        0xc build/usbd_conf.o
                0x08000ad8                HAL_PCD_ISOINIncompleteCallback
 .text.HAL_PCD_ConnectCallback
                0x08000ae4        0xc build/usbd_conf.o
                0x08000ae4                HAL_PCD_ConnectCallback
 .text.HAL_PCD_DisconnectCallback
                0x08000af0        0xc build/usbd_conf.o
                0x08000af0                HAL_PCD_DisconnectCallback
 .text.USBD_LL_Init
                0x08000afc       0x64 build/usbd_conf.o
                0x08000afc                USBD_LL_Init
 .text.USBD_LL_IsStallEP
                0x08000b60       0x2c build/usbd_conf.o
                0x08000b60                USBD_LL_IsStallEP
 .text.USBD_LL_GetRxDataSize
                0x08000b8c        0xc build/usbd_conf.o
                0x08000b8c                USBD_LL_GetRxDataSize
 .text.USBD_static_malloc
                0x08000b98        0x8 build/usbd_conf.o
                0x08000b98                USBD_static_malloc
 .text.USBD_static_free
                0x08000ba0        0x2 build/usbd_conf.o
                0x08000ba0                USBD_static_free
 .text.USBD_Get_USB_Status
                0x08000ba2       0x16 build/usbd_conf.o
                0x08000ba2                USBD_Get_USB_Status
 .text.USBD_LL_Start
                0x08000bb8       0x10 build/usbd_conf.o
                0x08000bb8                USBD_LL_Start
 .text.USBD_LL_OpenEP
                0x08000bc8       0x16 build/usbd_conf.o
                0x08000bc8                USBD_LL_OpenEP
 .text.USBD_LL_CloseEP
                0x08000bde       0x10 build/usbd_conf.o
                0x08000bde                USBD_LL_CloseEP
 .text.USBD_LL_StallEP
                0x08000bee       0x10 build/usbd_conf.o
                0x08000bee                USBD_LL_StallEP
 .text.USBD_LL_ClearStallEP
                0x08000bfe       0x10 build/usbd_conf.o
                0x08000bfe                USBD_LL_ClearStallEP
 .text.USBD_LL_SetUSBAddress
                0x08000c0e       0x10 build/usbd_conf.o
                0x08000c0e                USBD_LL_SetUSBAddress
 .text.USBD_LL_Transmit
                0x08000c1e       0x10 build/usbd_conf.o
                0x08000c1e                USBD_LL_Transmit
 .text.USBD_LL_PrepareReceive
                0x08000c2e       0x10 build/usbd_conf.o
                0x08000c2e                USBD_LL_PrepareReceive
 .text.PCD_WriteEmptyTxFifo
                0x08000c3e       0xd0 build/stm32f4xx_hal_pcd.o
 .text.HAL_PCD_Init
                0x08000d0e      0x10a build/stm32f4xx_hal_pcd.o
                0x08000d0e                HAL_PCD_Init
 .text.HAL_PCD_Start
                0x08000e18       0x44 build/stm32f4xx_hal_pcd.o
                0x08000e18                HAL_PCD_Start
 .text.PCD_EP_OutXfrComplete_int
                0x08000e5c      0x108 build/stm32f4xx_hal_pcd.o
 .text.PCD_EP_OutSetupPacket_int
                0x08000f64       0x50 build/stm32f4xx_hal_pcd.o
 .text.HAL_PCD_SetAddress
                0x08000fb4       0x26 build/stm32f4xx_hal_pcd.o
                0x08000fb4                HAL_PCD_SetAddress
 .text.HAL_PCD_EP_Open
                0x08000fda       0x96 build/stm32f4xx_hal_pcd.o
                0x08000fda                HAL_PCD_EP_Open
 .text.HAL_PCD_EP_Close
                0x08001070       0x70 build/stm32f4xx_hal_pcd.o
                0x08001070                HAL_PCD_EP_Close
 .text.HAL_PCD_EP_Receive
                0x080010e0       0x4a build/stm32f4xx_hal_pcd.o
                0x080010e0                HAL_PCD_EP_Receive
 .text.HAL_PCD_EP_GetRxCount
                0x0800112a       0x12 build/stm32f4xx_hal_pcd.o
                0x0800112a                HAL_PCD_EP_GetRxCount
 .text.HAL_PCD_EP_Transmit
                0x0800113c       0x4a build/stm32f4xx_hal_pcd.o
                0x0800113c                HAL_PCD_EP_Transmit
 .text.HAL_PCD_EP_SetStall
                0x08001186       0x86 build/stm32f4xx_hal_pcd.o
                0x08001186                HAL_PCD_EP_SetStall
 .text.HAL_PCD_EP_ClrStall
                0x0800120c       0x74 build/stm32f4xx_hal_pcd.o
                0x0800120c                HAL_PCD_EP_ClrStall
 .text.HAL_PCD_EP_Abort
                0x08001280       0x34 build/stm32f4xx_hal_pcd.o
                0x08001280                HAL_PCD_EP_Abort
 .text.HAL_PCD_IRQHandler
                0x080012b4      0x5f2 build/stm32f4xx_hal_pcd.o
                0x080012b4                HAL_PCD_IRQHandler
 .text.HAL_PCDEx_SetTxFiFo
                0x080018a6       0x4a build/stm32f4xx_hal_pcd_ex.o
                0x080018a6                HAL_PCDEx_SetTxFiFo
 .text.HAL_PCDEx_SetRxFiFo
                0x080018f0        0x8 build/stm32f4xx_hal_pcd_ex.o
                0x080018f0                HAL_PCDEx_SetRxFiFo
 .text.HAL_PCDEx_LPM_Callback
                0x080018f8        0x2 build/stm32f4xx_hal_pcd_ex.o
                0x080018f8                HAL_PCDEx_LPM_Callback
 .text.USB_CoreReset
                0x080018fa       0x58 build/stm32f4xx_ll_usb.o
 .text.USB_CoreInit
                0x08001952       0x92 build/stm32f4xx_ll_usb.o
                0x08001952                USB_CoreInit
 .text.USB_SetTurnaroundTime
                0x080019e4       0xe4 build/stm32f4xx_ll_usb.o
                0x080019e4                USB_SetTurnaroundTime
 .text.USB_EnableGlobalInt
                0x08001ac8        0xc build/stm32f4xx_ll_usb.o
                0x08001ac8                USB_EnableGlobalInt
 .text.USB_DisableGlobalInt
                0x08001ad4        0xc build/stm32f4xx_ll_usb.o
                0x08001ad4                USB_DisableGlobalInt
 .text.USB_FlushTxFifo
                0x08001ae0       0x4a build/stm32f4xx_ll_usb.o
                0x08001ae0                USB_FlushTxFifo
 .text.USB_FlushRxFifo
                0x08001b2a       0x46 build/stm32f4xx_ll_usb.o
                0x08001b2a                USB_FlushRxFifo
 .text.USB_SetDevSpeed
                0x08001b70        0xe build/stm32f4xx_ll_usb.o
                0x08001b70                USB_SetDevSpeed
 *fill*         0x08001b7e        0x2 
 .text.USB_DevInit
                0x08001b80      0x1a0 build/stm32f4xx_ll_usb.o
                0x08001b80                USB_DevInit
 .text.USB_GetDevSpeed
                0x08001d20       0x22 build/stm32f4xx_ll_usb.o
                0x08001d20                USB_GetDevSpeed
 .text.USB_ActivateEndpoint
                0x08001d42       0xa2 build/stm32f4xx_ll_usb.o
                0x08001d42                USB_ActivateEndpoint
 .text.USB_DeactivateEndpoint
                0x08001de4       0xe4 build/stm32f4xx_ll_usb.o
                0x08001de4                USB_DeactivateEndpoint
 .text.USB_EPStopXfer
                0x08001ec8       0xbc build/stm32f4xx_ll_usb.o
                0x08001ec8                USB_EPStopXfer
 .text.USB_WritePacket
                0x08001f84       0x2e build/stm32f4xx_ll_usb.o
                0x08001f84                USB_WritePacket
 *fill*         0x08001fb2        0x2 
 .text.USB_EPStartXfer
                0x08001fb4      0x27c build/stm32f4xx_ll_usb.o
                0x08001fb4                USB_EPStartXfer
 .text.USB_ReadPacket
                0x08002230       0x46 build/stm32f4xx_ll_usb.o
                0x08002230                USB_ReadPacket
 .text.USB_EPSetStall
                0x08002276       0x5a build/stm32f4xx_ll_usb.o
                0x08002276                USB_EPSetStall
 .text.USB_EPClearStall
                0x080022d0       0x5c build/stm32f4xx_ll_usb.o
                0x080022d0                USB_EPClearStall
 .text.USB_SetDevAddress
                0x0800232c       0x20 build/stm32f4xx_ll_usb.o
                0x0800232c                USB_SetDevAddress
 .text.USB_DevConnect
                0x0800234c       0x1c build/stm32f4xx_ll_usb.o
                0x0800234c                USB_DevConnect
 .text.USB_DevDisconnect
                0x08002368       0x1c build/stm32f4xx_ll_usb.o
                0x08002368                USB_DevDisconnect
 .text.USB_ReadInterrupts
                0x08002384        0x8 build/stm32f4xx_ll_usb.o
                0x08002384                USB_ReadInterrupts
 .text.USB_ReadDevAllOutEpInterrupt
                0x0800238c       0x10 build/stm32f4xx_ll_usb.o
                0x0800238c                USB_ReadDevAllOutEpInterrupt
 .text.USB_ReadDevAllInEpInterrupt
                0x0800239c       0x10 build/stm32f4xx_ll_usb.o
                0x0800239c                USB_ReadDevAllInEpInterrupt
 .text.USB_ReadDevOutEPInterrupt
                0x080023ac       0x12 build/stm32f4xx_ll_usb.o
                0x080023ac                USB_ReadDevOutEPInterrupt
 .text.USB_ReadDevInEPInterrupt
                0x080023be       0x24 build/stm32f4xx_ll_usb.o
                0x080023be                USB_ReadDevInEPInterrupt
 .text.USB_GetMode
                0x080023e2        0x8 build/stm32f4xx_ll_usb.o
                0x080023e2                USB_GetMode
 .text.USB_SetCurrentMode
                0x080023ea       0x62 build/stm32f4xx_ll_usb.o
                0x080023ea                USB_SetCurrentMode
 .text.USB_ActivateSetup
                0x0800244c       0x1c build/stm32f4xx_ll_usb.o
                0x0800244c                USB_ActivateSetup
 .text.USB_EP0_OutStart
                0x08002468       0x5c build/stm32f4xx_ll_usb.o
                0x08002468                USB_EP0_OutStart
 .text.HAL_RCC_OscConfig
                0x080024c4      0x3fc build/stm32f4xx_hal_rcc.o
                0x080024c4                HAL_RCC_OscConfig
 .text.HAL_RCC_GetSysClockFreq
                0x080028c0       0xa8 build/stm32f4xx_hal_rcc.o
                0x080028c0                HAL_RCC_GetSysClockFreq
 .text.HAL_RCC_ClockConfig
                0x08002968      0x160 build/stm32f4xx_hal_rcc.o
                0x08002968                HAL_RCC_ClockConfig
 .text.HAL_RCC_GetHCLKFreq
                0x08002ac8        0xc build/stm32f4xx_hal_rcc.o
                0x08002ac8                HAL_RCC_GetHCLKFreq
 .text.HAL_GPIO_Init
                0x08002ad4      0x1e0 build/stm32f4xx_hal_gpio.o
                0x08002ad4                HAL_GPIO_Init
 .text.HAL_GPIO_ReadPin
                0x08002cb4        0xe build/stm32f4xx_hal_gpio.o
                0x08002cb4                HAL_GPIO_ReadPin
 .text.HAL_GPIO_WritePin
                0x08002cc2        0xc build/stm32f4xx_hal_gpio.o
                0x08002cc2                HAL_GPIO_WritePin
 *fill*         0x08002cce        0x2 
 .text.__NVIC_EnableIRQ
                0x08002cd0       0x1c build/stm32f4xx_hal_cortex.o
 .text.__NVIC_SetPriority
                0x08002cec       0x28 build/stm32f4xx_hal_cortex.o
 .text.NVIC_EncodePriority
                0x08002d14       0x46 build/stm32f4xx_hal_cortex.o
 *fill*         0x08002d5a        0x2 
 .text.HAL_NVIC_SetPriorityGrouping
                0x08002d5c       0x24 build/stm32f4xx_hal_cortex.o
                0x08002d5c                HAL_NVIC_SetPriorityGrouping
 .text.HAL_NVIC_SetPriority
                0x08002d80       0x20 build/stm32f4xx_hal_cortex.o
                0x08002d80                HAL_NVIC_SetPriority
 .text.HAL_NVIC_EnableIRQ
                0x08002da0        0x8 build/stm32f4xx_hal_cortex.o
                0x08002da0                HAL_NVIC_EnableIRQ
 .text.HAL_SYSTICK_Config
                0x08002da8       0x28 build/stm32f4xx_hal_cortex.o
                0x08002da8                HAL_SYSTICK_Config
 .text.HAL_InitTick
                0x08002dd0       0x4c build/stm32f4xx_hal.o
                0x08002dd0                HAL_InitTick
 .text.HAL_Init
                0x08002e1c       0x34 build/stm32f4xx_hal.o
                0x08002e1c                HAL_Init
 .text.HAL_IncTick
                0x08002e50       0x18 build/stm32f4xx_hal.o
                0x08002e50                HAL_IncTick
 .text.HAL_GetTick
                0x08002e68        0xc build/stm32f4xx_hal.o
                0x08002e68                HAL_GetTick
 .text.HAL_Delay
                0x08002e74       0x28 build/stm32f4xx_hal.o
                0x08002e74                HAL_Delay
 .text.SystemInit
                0x08002e9c       0x14 build/system_stm32f4xx.o
                0x08002e9c                SystemInit
 .text.USBD_Init
                0x08002eb0       0x2e build/usbd_core.o
                0x08002eb0                USBD_Init
 .text.USBD_RegisterClass
                0x08002ede       0x40 build/usbd_core.o
                0x08002ede                USBD_RegisterClass
 .text.USBD_Start
                0x08002f1e        0x8 build/usbd_core.o
                0x08002f1e                USBD_Start
 .text.USBD_SetClassConfig
                0x08002f26       0x12 build/usbd_core.o
                0x08002f26                USBD_SetClassConfig
 .text.USBD_ClrClassConfig
                0x08002f38       0x12 build/usbd_core.o
                0x08002f38                USBD_ClrClassConfig
 .text.USBD_LL_SetupStage
                0x08002f4a       0x58 build/usbd_core.o
                0x08002f4a                USBD_LL_SetupStage
 .text.USBD_LL_Reset
                0x08002fa2       0x68 build/usbd_core.o
                0x08002fa2                USBD_LL_Reset
 .text.USBD_LL_SetSpeed
                0x0800300a        0x6 build/usbd_core.o
                0x0800300a                USBD_LL_SetSpeed
 .text.USBD_LL_Suspend
                0x08003010       0x1c build/usbd_core.o
                0x08003010                USBD_LL_Suspend
 .text.USBD_LL_Resume
                0x0800302c       0x18 build/usbd_core.o
                0x0800302c                USBD_LL_Resume
 .text.USBD_LL_SOF
                0x08003044       0x20 build/usbd_core.o
                0x08003044                USBD_LL_SOF
 .text.USBD_LL_IsoINIncomplete
                0x08003064       0x2c build/usbd_core.o
                0x08003064                USBD_LL_IsoINIncomplete
 .text.USBD_LL_IsoOUTIncomplete
                0x08003090       0x2c build/usbd_core.o
                0x08003090                USBD_LL_IsoOUTIncomplete
 .text.USBD_LL_DevConnected
                0x080030bc        0x4 build/usbd_core.o
                0x080030bc                USBD_LL_DevConnected
 .text.USBD_LL_DevDisconnected
                0x080030c0       0x20 build/usbd_core.o
                0x080030c0                USBD_LL_DevDisconnected
 .text.USBD_CoreFindIF
                0x080030e0        0x4 build/usbd_core.o
                0x080030e0                USBD_CoreFindIF
 .text.USBD_CoreFindEP
                0x080030e4        0x4 build/usbd_core.o
                0x080030e4                USBD_CoreFindEP
 .text.USBD_LL_DataOutStage
                0x080030e8       0xc6 build/usbd_core.o
                0x080030e8                USBD_LL_DataOutStage
 .text.USBD_LL_DataInStage
                0x080031ae       0xd4 build/usbd_core.o
                0x080031ae                USBD_LL_DataInStage
 .text.USBD_GetNextDesc
                0x08003282        0xe build/usbd_core.o
                0x08003282                USBD_GetNextDesc
 .text.USBD_GetEpDesc
                0x08003290       0x3e build/usbd_core.o
                0x08003290                USBD_GetEpDesc
 .text.USBD_GetLen
                0x080032ce       0x14 build/usbd_ctlreq.o
 .text.USBD_ParseSetupRequest
                0x080032e2       0x28 build/usbd_ctlreq.o
                0x080032e2                USBD_ParseSetupRequest
 .text.USBD_CtlError
                0x0800330a       0x14 build/usbd_ctlreq.o
                0x0800330a                USBD_CtlError
 .text.USBD_GetDescriptor
                0x0800331e      0x198 build/usbd_ctlreq.o
 .text.USBD_SetAddress
                0x080034b6       0x52 build/usbd_ctlreq.o
 .text.USBD_SetConfig
                0x08003508       0xd8 build/usbd_ctlreq.o
 .text.USBD_GetConfig
                0x080035e0       0x40 build/usbd_ctlreq.o
 .text.USBD_GetStatus
                0x08003620       0x38 build/usbd_ctlreq.o
 .text.USBD_SetFeature
                0x08003658       0x2a build/usbd_ctlreq.o
 .text.USBD_ClrFeature
                0x08003682       0x26 build/usbd_ctlreq.o
 .text.USBD_StdDevReq
                0x080036a8       0x82 build/usbd_ctlreq.o
                0x080036a8                USBD_StdDevReq
 .text.USBD_StdItfReq
                0x0800372a       0x90 build/usbd_ctlreq.o
                0x0800372a                USBD_StdItfReq
 .text.USBD_StdEPReq
                0x080037ba      0x238 build/usbd_ctlreq.o
                0x080037ba                USBD_StdEPReq
 .text.USBD_GetString
                0x080039f2       0x46 build/usbd_ctlreq.o
                0x080039f2                USBD_GetString
 .text.USBD_CtlSendData
                0x08003a38       0x1c build/usbd_ioreq.o
                0x08003a38                USBD_CtlSendData
 .text.USBD_CtlContinueSendData
                0x08003a54       0x10 build/usbd_ioreq.o
                0x08003a54                USBD_CtlContinueSendData
 .text.USBD_CtlPrepareRx
                0x08003a64       0x22 build/usbd_ioreq.o
                0x08003a64                USBD_CtlPrepareRx
 .text.USBD_CtlContinueRx
                0x08003a86       0x10 build/usbd_ioreq.o
                0x08003a86                USBD_CtlContinueRx
 .text.USBD_CtlSendStatus
                0x08003a96       0x16 build/usbd_ioreq.o
                0x08003a96                USBD_CtlSendStatus
 .text.USBD_CtlReceiveStatus
                0x08003aac       0x16 build/usbd_ioreq.o
                0x08003aac                USBD_CtlReceiveStatus
 .text.USBD_CDC_EP0_RxReady
                0x08003ac2       0x40 build/usbd_cdc.o
 *fill*         0x08003b02        0x2 
 .text.USBD_CDC_GetDeviceQualifierDescriptor
                0x08003b04        0xc build/usbd_cdc.o
                0x08003b04                USBD_CDC_GetDeviceQualifierDescriptor
 .text.USBD_CDC_GetOtherSpeedCfgDesc
                0x08003b10       0x48 build/usbd_cdc.o
 .text.USBD_CDC_GetFSCfgDesc
                0x08003b58       0x48 build/usbd_cdc.o
 .text.USBD_CDC_GetHSCfgDesc
                0x08003ba0       0x48 build/usbd_cdc.o
 .text.USBD_CDC_DataOut
                0x08003be8       0x38 build/usbd_cdc.o
 .text.USBD_CDC_DataIn
                0x08003c20       0x7e build/usbd_cdc.o
 .text.USBD_CDC_Setup
                0x08003c9e      0x110 build/usbd_cdc.o
 .text.USBD_CDC_DeInit
                0x08003dae       0x64 build/usbd_cdc.o
 .text.USBD_CDC_Init
                0x08003e12       0xec build/usbd_cdc.o
 .text.USBD_CDC_RegisterInterface
                0x08003efe       0x16 build/usbd_cdc.o
                0x08003efe                USBD_CDC_RegisterInterface
 .text.USBD_CDC_SetTxBuffer
                0x08003f14       0x1c build/usbd_cdc.o
                0x08003f14                USBD_CDC_SetTxBuffer
 .text.USBD_CDC_SetRxBuffer
                0x08003f30       0x18 build/usbd_cdc.o
                0x08003f30                USBD_CDC_SetRxBuffer
 .text.USBD_CDC_TransmitPacket
                0x08003f48       0x36 build/usbd_cdc.o
                0x08003f48                USBD_CDC_TransmitPacket
 .text.USBD_CDC_ReceivePacket
                0x08003f7e       0x38 build/usbd_cdc.o
                0x08003f7e                USBD_CDC_ReceivePacket
 *fill*         0x08003fb6        0x2 
 .text.Reset_Handler
                0x08003fb8       0x50 build/startup_stm32f411xe.o
                0x08003fb8                Reset_Handler
 .text.Default_Handler
                0x08004008        0x2 build/startup_stm32f411xe.o
                0x08004008                RTC_Alarm_IRQHandler
                0x08004008                EXTI2_IRQHandler
                0x08004008                SPI4_IRQHandler
                0x08004008                TIM1_CC_IRQHandler
                0x08004008                DMA2_Stream5_IRQHandler
                0x08004008                DMA1_Stream5_IRQHandler
                0x08004008                PVD_IRQHandler
                0x08004008                SDIO_IRQHandler
                0x08004008                TAMP_STAMP_IRQHandler
                0x08004008                EXTI3_IRQHandler
                0x08004008                TIM1_UP_TIM10_IRQHandler
                0x08004008                I2C3_ER_IRQHandler
                0x08004008                EXTI0_IRQHandler
                0x08004008                I2C2_EV_IRQHandler
                0x08004008                DMA1_Stream2_IRQHandler
                0x08004008                FPU_IRQHandler
                0x08004008                DMA2_Stream2_IRQHandler
                0x08004008                SPI1_IRQHandler
                0x08004008                TIM1_BRK_TIM9_IRQHandler
                0x08004008                DMA2_Stream3_IRQHandler
                0x08004008                USART6_IRQHandler
                0x08004008                DMA2_Stream0_IRQHandler
                0x08004008                TIM4_IRQHandler
                0x08004008                I2C1_EV_IRQHandler
                0x08004008                DMA1_Stream6_IRQHandler
                0x08004008                DMA1_Stream1_IRQHandler
                0x08004008                TIM3_IRQHandler
                0x08004008                RCC_IRQHandler
                0x08004008                Default_Handler
                0x08004008                EXTI15_10_IRQHandler
                0x08004008                ADC_IRQHandler
                0x08004008                DMA1_Stream7_IRQHandler
                0x08004008                SPI5_IRQHandler
                0x08004008                TIM5_IRQHandler
                0x08004008                DMA2_Stream7_IRQHandler
                0x08004008                I2C3_EV_IRQHandler
                0x08004008                EXTI9_5_IRQHandler
                0x08004008                RTC_WKUP_IRQHandler
                0x08004008                SPI2_IRQHandler
                0x08004008                DMA1_Stream0_IRQHandler
                0x08004008                EXTI4_IRQHandler
                0x08004008                WWDG_IRQHandler
                0x08004008                TIM2_IRQHandler
                0x08004008                OTG_FS_WKUP_IRQHandler
                0x08004008                TIM1_TRG_COM_TIM11_IRQHandler
                0x08004008                EXTI1_IRQHandler
                0x08004008                USART2_IRQHandler
                0x08004008                I2C2_ER_IRQHandler
                0x08004008                DMA2_Stream1_IRQHandler
                0x08004008                FLASH_IRQHandler
                0x08004008                DMA2_Stream4_IRQHandler
                0x08004008                USART1_IRQHandler
                0x08004008                SPI3_IRQHandler
                0x08004008                DMA1_Stream4_IRQHandler
                0x08004008                I2C1_ER_IRQHandler
                0x08004008                DMA2_Stream6_IRQHandler
                0x08004008                DMA1_Stream3_IRQHandler
 .text.memset   0x0800400a       0x10 /usr/lib/gcc/arm-none-eabi/15.2.0/../../../../arm-none-eabi/lib/thumb/v7e-m+fp/hard/libc_nano.a(libc_a-memset.o)
                0x0800400a                memset
 *fill*         0x0800401a        0x2 
 .text.__libc_init_array
                0x0800401c       0x48 /usr/lib/gcc/arm-none-eabi/15.2.0/../../../../arm-none-eabi/lib/thumb/v7e-m+fp/hard/libc_nano.a(libc_a-init.o)
                0x0800401c                __libc_init_array
 *(.glue_7)
 .glue_7        0x08004064        0x0 linker stubs
 *(.glue_7t)
 .glue_7t       0x08004064        0x0 linker stubs
 *(.eh_frame)
 .eh_frame      0x08004064        0x0 /usr/lib/gcc/arm-none-eabi/15.2.0/thumb/v7e-m+fp/hard/crtbegin.o
 *(.init)
 .init          0x08004064        0x4 /usr/lib/gcc/arm-none-eabi/15.2.0/thumb/v7e-m+fp/hard/crti.o
                0x08004064                _init
 .init          0x08004068        0x8 /usr/lib/gcc/arm-none-eabi/15.2.0/thumb/v7e-m+fp/hard/crtn.o
 *(.fini)
 .fini          0x08004070        0x4 /usr/lib/gcc/arm-none-eabi/15.2.0/thumb/v7e-m+fp/hard/crti.o
                0x08004070                _fini
 .fini          0x08004074        0x8 /usr/lib/gcc/arm-none-eabi/15.2.0/thumb/v7e-m+fp/hard/crtn.o
                0x0800407c                        . = ALIGN (0x4)
                0x0800407c                        _etext = .

.vfp11_veneer   0x0800407c        0x0
 .vfp11_veneer  0x0800407c        0x0 linker stubs

.v4_bx          0x0800407c        0x0
 .v4_bx         0x0800407c        0x0 linker stubs

.iplt           0x0800407c        0x0
 .iplt          0x0800407c        0x0 /usr/lib/gcc/arm-none-eabi/15.2.0/thumb/v7e-m+fp/hard/crtbegin.o

.rodata         0x0800407c       0x80
                0x0800407c                        . = ALIGN (0x4)
 *(.rodata)
 *(.rodata*)
 .rodata.main.str1.4
                0x0800407c       0x6e build/main.o
                                 0x26 (size before relaxing)
 .rodata.USBD_FS_ProductStrDescriptor.str1.4
                0x080040ea        0x0 build/usbd_desc.o
                                 0x16 (size before relaxing)
 .rodata.USBD_FS_ManufacturerStrDescriptor.str1.4
                0x080040ea        0x0 build/usbd_desc.o
                                 0x13 (size before relaxing)
 .rodata.USBD_FS_ConfigStrDescriptor.str1.4
                0x080040ea        0x0 build/usbd_desc.o
                                  0xb (size before relaxing)
 .rodata.USBD_FS_InterfaceStrDescriptor.str1.4
                0x080040ea        0x0 build/usbd_desc.o
                                  0xe (size before relaxing)
 *fill*         0x080040ea        0x2 
 .rodata.AHBPrescTable
                0x080040ec       0x10 build/system_stm32f4xx.o
                0x080040ec                AHBPrescTable
                0x080040fc                        . = ALIGN (0x4)

.ARM.extab      0x080040fc        0x0
                0x080040fc                        . = ALIGN (0x4)
 *(.ARM.extab* .gnu.linkonce.armextab.*)
                0x080040fc                        . = ALIGN (0x4)

.ARM            0x080040fc        0x8
                0x080040fc                        . = ALIGN (0x4)
                0x080040fc                        __exidx_start = .
 *(.ARM.exidx*)
 .ARM.exidx     0x080040fc        0x8 /usr/lib/gcc/arm-none-eabi/15.2.0/../../../../arm-none-eabi/lib/thumb/v7e-m+fp/hard/libc_nano.a(libc_a-strlen.o)
 .ARM.exidx     0x08004104        0x0 /usr/lib/gcc/arm-none-eabi/15.2.0/thumb/v7e-m+fp/hard/libgcc.a(_udivmoddi4.o)
                                  0x8 (size before relaxing)
                0x08004104                        __exidx_end = .
                0x08004104                        . = ALIGN (0x4)

.preinit_array  0x08004104        0x0
                0x08004104                        . = ALIGN (0x4)
                0x08004104                        PROVIDE (__preinit_array_start = .)
 *(.preinit_array*)
                0x08004104                        PROVIDE (__preinit_array_end = .)
                0x08004104                        . = ALIGN (0x4)

.init_array     0x08004104        0x4
                0x08004104                        . = ALIGN (0x4)
                0x08004104                        PROVIDE (__init_array_start = .)
 *(SORT_BY_NAME(.init_array.*))
 *(.init_array*)
 .init_array    0x08004104        0x4 /usr/lib/gcc/arm-none-eabi/15.2.0/thumb/v7e-m+fp/hard/crtbegin.o
                0x08004108                        PROVIDE (__init_array_end = .)
                0x08004108                        . = ALIGN (0x4)

.fini_array     0x08004108        0x4
                0x08004108                        . = ALIGN (0x4)
                0x08004108                        PROVIDE (__fini_array_start = .)
 *(SORT_BY_NAME(.fini_array.*))
 *(.fini_array*)
 .fini_array    0x08004108        0x4 /usr/lib/gcc/arm-none-eabi/15.2.0/thumb/v7e-m+fp/hard/crtbegin.o
                0x0800410c                        PROVIDE (__fini_array_end = .)
                0x0800410c                        . = ALIGN (0x4)
                0x0800410c                        _sidata = LOADADDR (.data)

.rel.dyn        0x0800410c        0x0
 .rel.iplt      0x0800410c        0x0 /usr/lib/gcc/arm-none-eabi/15.2.0/thumb/v7e-m+fp/hard/crtbegin.o

.data           0x20000000       0xf8 load address 0x0800410c
                0x20000000                        . = ALIGN (0x4)
                0x20000000                        _sdata = .
 *(.data)
 *(.data*)
 .data.USBD_StringSerial
                0x20000000       0x1a build/usbd_desc.o
                0x20000000                USBD_StringSerial
 *fill*         0x2000001a        0x2 
 .data.USBD_LangIDDesc
                0x2000001c        0x4 build/usbd_desc.o
                0x2000001c                USBD_LangIDDesc
 .data.USBD_FS_DeviceDesc
                0x20000020       0x12 build/usbd_desc.o
                0x20000020                USBD_FS_DeviceDesc
 *fill*         0x20000032        0x2 
 .data.FS_Desc  0x20000034       0x1c build/usbd_desc.o
                0x20000034                FS_Desc
 .data.USBD_Interface_fops_FS
                0x20000050       0x14 build/usbd_cdc_if.o
                0x20000050                USBD_Interface_fops_FS
 .data.uwTickFreq
                0x20000064        0x1 build/stm32f4xx_hal.o
                0x20000064                uwTickFreq
 *fill*         0x20000065        0x3 
 .data.uwTickPrio
                0x20000068        0x4 build/stm32f4xx_hal.o
                0x20000068                uwTickPrio
 .data.SystemCoreClock
                0x2000006c        0x4 build/system_stm32f4xx.o
                0x2000006c                SystemCoreClock
 .data.USBD_CDC_CfgDesc
                0x20000070       0x43 build/usbd_cdc.o
 *fill*         0x200000b3        0x1 
 .data.USBD_CDC
                0x200000b4       0x38 build/usbd_cdc.o
                0x200000b4                USBD_CDC
 .data.USBD_CDC_DeviceQualifierDesc
                0x200000ec        0xa build/usbd_cdc.o
 *(.RamFunc)
 *(.RamFunc*)
                0x200000f8                        . = ALIGN (0x4)
 *fill*         0x200000f6        0x2 
                0x200000f8                        _edata = .

.tm_clone_table
                0x200000f8        0x0 load address 0x08004204
 .tm_clone_table
                0x200000f8        0x0 /usr/lib/gcc/arm-none-eabi/15.2.0/thumb/v7e-m+fp/hard/crtbegin.o
 .tm_clone_table
                0x200000f8        0x0 /usr/lib/gcc/arm-none-eabi/15.2.0/thumb/v7e-m+fp/hard/crtend.o

.igot.plt       0x200000f8        0x0 load address 0x08004204
 .igot.plt      0x200000f8        0x0 /usr/lib/gcc/arm-none-eabi/15.2.0/thumb/v7e-m+fp/hard/crtbegin.o
                0x200000f8                        . = ALIGN (0x4)

.bss            0x200000f8     0x1c04 load address 0x08004204
                0x200000f8                        _sbss = .
                0x200000f8                        __bss_start__ = _sbss
 *(.bss)
 .bss           0x200000f8       0x1c /usr/lib/gcc/arm-none-eabi/15.2.0/thumb/v7e-m+fp/hard/crtbegin.o
 *(.bss*)
 .bss.hUsbDeviceFS
                0x20000114      0x2dc build/usb_device.o
                0x20000114                hUsbDeviceFS
 .bss.USBD_StrDesc
                0x200003f0      0x200 build/usbd_desc.o
                0x200003f0                USBD_StrDesc
 .bss.UserTxBufferFS
                0x200005f0      0x800 build/usbd_cdc_if.o
                0x200005f0                UserTxBufferFS
 .bss.UserRxBufferFS
                0x20000df0      0x800 build/usbd_cdc_if.o
                0x20000df0                UserRxBufferFS
 .bss.mem.0     0x200015f0      0x220 build/usbd_conf.o
 .bss.hpcd_USB_OTG_FS
                0x20001810      0x4e4 build/usbd_conf.o
                0x20001810                hpcd_USB_OTG_FS
 .bss.uwTick    0x20001cf4        0x4 build/stm32f4xx_hal.o
                0x20001cf4                uwTick
 .bss.cfgidx.0  0x20001cf8        0x1 build/usbd_ctlreq.o
 *(COMMON)
                0x20001cfc                        . = ALIGN (0x4)
 *fill*         0x20001cf9        0x3 
                0x20001cfc                        _ebss = .
                0x20001cfc                        __bss_end__ = _ebss

._user_heap_stack
                0x20001cfc      0x604 load address 0x08004204
                0x20001d00                        . = ALIGN (0x8)
 *fill*         0x20001cfc        0x4 
                [!provide]                        PROVIDE (end = .)
                0x20001d00                        PROVIDE (_end = .)
                0x20001f00                        . = (. + _Min_Heap_Size)
 *fill*         0x20001d00      0x200 
                0x20002300                        . = (. + _Min_Stack_Size)
 *fill*         0x20001f00      0x400 
                0x20002300                        . = ALIGN (0x8)

/DISCARD/
 libc.a(*)
 libm.a(*)
 libgcc.a(*)
OUTPUT(build/Controller.elf elf32-littlearm)
LOAD linker stubs
LOAD /usr/lib/gcc/arm-none-eabi/15.2.0/../../../../arm-none-eabi/lib/thumb/v7e-m+fp/hard/libc.a
LOAD /usr/lib/gcc/arm-none-eabi/15.2.0/../../../../arm-none-eabi/lib/thumb/v7e-m+fp/hard/libm.a
LOAD /usr/lib/gcc/arm-none-eabi/15.2.0/thumb/v7e-m+fp/hard/libgcc.a

.ARM.attributes
                0x00000000       0x30
 .ARM.attributes
                0x00000000       0x22 /usr/lib/gcc/arm-none-eabi/15.2.0/thumb/v7e-m+fp/hard/crti.o
 .ARM.attributes
                0x00000022       0x34 /usr/lib/gcc/arm-none-eabi/15.2.0/thumb/v7e-m+fp/hard/crtbegin.o
 .ARM.attributes
                0x00000056       0x34 build/main.o
 .ARM.attributes
                0x0000008a       0x34 build/stm32f4xx_it.o
 .ARM.attributes
                0x000000be       0x34 build/stm32f4xx_hal_msp.o
 .ARM.attributes
                0x000000f2       0x34 build/usb_device.o
 .ARM.attributes
                0x00000126       0x34 build/usbd_desc.o
 .ARM.attributes
                0x0000015a       0x34 build/usbd_cdc_if.o
 .ARM.attributes
                0x0000018e       0x34 build/usbd_conf.o
 .ARM.attributes
                0x000001c2       0x34 build/stm32f4xx_hal_pcd.o
 .ARM.attributes
                0x000001f6       0x34 build/stm32f4xx_hal_pcd_ex.o
 .ARM.attributes
                0x0000022a       0x34 build/stm32f4xx_ll_usb.o
 .ARM.attributes
                0x0000025e       0x34 build/stm32f4xx_hal_rcc.o
 .ARM.attributes
                0x00000292       0x34 build/stm32f4xx_hal_gpio.o
 .ARM.attributes
                0x000002c6       0x34 build/stm32f4xx_hal_cortex.o
 .ARM.attributes
                0x000002fa       0x34 build/stm32f4xx_hal.o
 .ARM.attributes
                0x0000032e       0x34 build/system_stm32f4xx.o
 .ARM.attributes
                0x00000362       0x34 build/usbd_core.o
 .ARM.attributes
                0x00000396       0x34 build/usbd_ctlreq.o
 .ARM.attributes
                0x000003ca       0x34 build/usbd_ioreq.o
 .ARM.attributes
                0x000003fe       0x34 build/usbd_cdc.o
 .ARM.attributes
                0x00000432       0x21 build/startup_stm32f411xe.o
 .ARM.attributes
                0x00000453       0x34 /usr/lib/gcc/arm-none-eabi/15.2.0/../../../../arm-none-eabi/lib/thumb/v7e-m+fp/hard/libc_nano.a(libc_a-memset.o)
 .ARM.attributes
                0x00000487       0x34 /usr/lib/gcc/arm-none-eabi/15.2.0/../../../../arm-none-eabi/lib/thumb/v7e-m+fp/hard/libc_nano.a(libc_a-init.o)
 .ARM.attributes
                0x000004bb       0x17 /usr/lib/gcc/arm-none-eabi/15.2.0/../../../../arm-none-eabi/lib/thumb/v7e-m+fp/hard/libc_nano.a(libc_a-strlen.o)
 .ARM.attributes
                0x000004d2       0x22 /usr/lib/gcc/arm-none-eabi/15.2.0/thumb/v7e-m+fp/hard/libgcc.a(_aeabi_uldivmod.o)
 .ARM.attributes
                0x000004f4       0x34 /usr/lib/gcc/arm-none-eabi/15.2.0/thumb/v7e-m+fp/hard/libgcc.a(_udivmoddi4.o)
 .ARM.attributes
                0x00000528       0x22 /usr/lib/gcc/arm-none-eabi/15.2.0/thumb/v7e-m+fp/hard/libgcc.a(_dvmd_tls.o)
 .ARM.attributes
                0x0000054a       0x34 /usr/lib/gcc/arm-none-eabi/15.2.0/thumb/v7e-m+fp/hard/crtend.o
 .ARM.attributes
                0x0000057e       0x22 /usr/lib/gcc/arm-none-eabi/15.2.0/thumb/v7e-m+fp/hard/crtn.o

.comment        0x00000000       0x46
 .comment       0x00000000       0x46 /usr/lib/gcc/arm-none-eabi/15.2.0/thumb/v7e-m+fp/hard/crtbegin.o
                                 0x24 (size before relaxing)
 .comment       0x00000046        0x0 build/main.o
                                 0x24 (size before relaxing)
 .comment       0x00000046        0x0 build/stm32f4xx_it.o
                                 0x24 (size before relaxing)
 .comment       0x00000046        0x0 build/stm32f4xx_hal_msp.o
                                 0x24 (size before relaxing)
 .comment       0x00000046        0x0 build/usb_device.o
                                 0x24 (size before relaxing)
 .comment       0x00000046        0x0 build/usbd_desc.o
                                 0x24 (size before relaxing)
 .comment       0x00000046        0x0 build/usbd_cdc_if.o
                                 0x24 (size before relaxing)
 .comment       0x00000046        0x0 build/usbd_conf.o
                                 0x24 (size before relaxing)
 .comment       0x00000046        0x0 build/stm32f4xx_hal_pcd.o
                                 0x24 (size before relaxing)
 .comment       0x00000046        0x0 build/stm32f4xx_hal_pcd_ex.o
                                 0x24 (size before relaxing)
 .comment       0x00000046        0x0 build/stm32f4xx_ll_usb.o
                                 0x24 (size before relaxing)
 .comment       0x00000046        0x0 build/stm32f4xx_hal_rcc.o
                                 0x24 (size before relaxing)
 .comment       0x00000046        0x0 build/stm32f4xx_hal_gpio.o
                                 0x24 (size before relaxing)
 .comment       0x00000046        0x0 build/stm32f4xx_hal_cortex.o
                                 0x24 (size before relaxing)
 .comment       0x00000046        0x0 build/stm32f4xx_hal.o
                                 0x24 (size before relaxing)
 .comment       0x00000046        0x0 build/system_stm32f4xx.o
                                 0x24 (size before relaxing)
 .comment       0x00000046        0x0 build/usbd_core.o
                                 0x24 (size before relaxing)
 .comment       0x00000046        0x0 build/usbd_ctlreq.o
                                 0x24 (size before relaxing)
 .comment       0x00000046        0x0 build/usbd_ioreq.o
                                 0x24 (size before relaxing)
 .comment       0x00000046        0x0 build/usbd_cdc.o
                                 0x24 (size before relaxing)
 .comment       0x00000046        0x0 /usr/lib/gcc/arm-none-eabi/15.2.0/../../../../arm-none-eabi/lib/thumb/v7e-m+fp/hard/libc_nano.a(libc_a-memset.o)
                                 0x24 (size before relaxing)
 .comment       0x00000046        0x0 /usr/lib/gcc/arm-none-eabi/15.2.0/../../../../arm-none-eabi/lib/thumb/v7e-m+fp/hard/libc_nano.a(libc_a-init.o)
                                 0x24 (size before relaxing)
 .comment       0x00000046        0x0 /usr/lib/gcc/arm-none-eabi/15.2.0/thumb/v7e-m+fp/hard/libgcc.a(_udivmoddi4.o)
                                 0x24 (size before relaxing)
 .comment       0x00000046        0x0 /usr/lib/gcc/arm-none-eabi/15.2.0/thumb/v7e-m+fp/hard/crtend.o
                                 0x24 (size before relaxing)

.debug_info     0x00000000    0x129b9
 .debug_info    0x00000000      0xa41 build/main.o
 .debug_info    0x00000a41      0x72e build/stm32f4xx_it.o
 .debug_info    0x0000116f      0x31d build/stm32f4xx_hal_msp.o
 .debug_info    0x0000148c      0x8a4 build/usb_device.o
 .debug_info    0x00001d30      0x66e build/usbd_desc.o
 .debug_info    0x0000239e      0xaf5 build/usbd_cdc_if.o
 .debug_info    0x00002e93     0x2473 build/usbd_conf.o
 .debug_info    0x00005306     0x1f1a build/stm32f4xx_hal_pcd.o
 .debug_info    0x00007220      0x7d1 build/stm32f4xx_hal_pcd_ex.o
 .debug_info    0x000079f1     0x2209 build/stm32f4xx_ll_usb.o
 .debug_info    0x00009bfa      0xc4d build/stm32f4xx_hal_rcc.o
 .debug_info    0x0000a847      0x878 build/stm32f4xx_hal_gpio.o
 .debug_info    0x0000b0bf     0x1150 build/stm32f4xx_hal_cortex.o
 .debug_info    0x0000c20f      0xa8c build/stm32f4xx_hal.o
 .debug_info    0x0000cc9b      0x5e5 build/system_stm32f4xx.o
 .debug_info    0x0000d280     0x1464 build/usbd_core.o
 .debug_info    0x0000e6e4     0x159d build/usbd_ctlreq.o
 .debug_info    0x0000fc81      0xa29 build/usbd_ioreq.o
 .debug_info    0x000106aa     0x1969 build/usbd_cdc.o
 .debug_info    0x00012013       0x30 build/startup_stm32f411xe.o
 .debug_info    0x00012043       0xe0 /usr/lib/gcc/arm-none-eabi/15.2.0/../../../../arm-none-eabi/lib/thumb/v7e-m+fp/hard/libc_nano.a(libc_a-memset.o)
 .debug_info    0x00012123      0x10b /usr/lib/gcc/arm-none-eabi/15.2.0/../../../../arm-none-eabi/lib/thumb/v7e-m+fp/hard/libc_nano.a(libc_a-init.o)
 .debug_info    0x0001222e       0x31 /usr/lib/gcc/arm-none-eabi/15.2.0/../../../../arm-none-eabi/lib/thumb/v7e-m+fp/hard/libc_nano.a(libc_a-strlen.o)
 .debug_info    0x0001225f       0x24 /usr/lib/gcc/arm-none-eabi/15.2.0/thumb/v7e-m+fp/hard/libgcc.a(_aeabi_uldivmod.o)
 .debug_info    0x00012283      0x6fa /usr/lib/gcc/arm-none-eabi/15.2.0/thumb/v7e-m+fp/hard/libgcc.a(_udivmoddi4.o)
 .debug_info    0x0001297d       0x3c /usr/lib/gcc/arm-none-eabi/15.2.0/thumb/v7e-m+fp/hard/libgcc.a(_dvmd_tls.o)

.debug_abbrev   0x00000000     0x314b
 .debug_abbrev  0x00000000      0x268 build/main.o
 .debug_abbrev  0x00000268      0x183 build/stm32f4xx_it.o
 .debug_abbrev  0x000003eb       0xd3 build/stm32f4xx_hal_msp.o
 .debug_abbrev  0x000004be      0x19c build/usb_device.o
 .debug_abbrev  0x0000065a      0x208 build/usbd_desc.o
 .debug_abbrev  0x00000862      0x2c7 build/usbd_cdc_if.o
 .debug_abbrev  0x00000b29      0x348 build/usbd_conf.o
 .debug_abbrev  0x00000e71      0x2e7 build/stm32f4xx_hal_pcd.o
 .debug_abbrev  0x00001158      0x1c5 build/stm32f4xx_hal_pcd_ex.o
 .debug_abbrev  0x0000131d      0x344 build/stm32f4xx_ll_usb.o
 .debug_abbrev  0x00001661      0x2de build/stm32f4xx_hal_rcc.o
 .debug_abbrev  0x0000193f      0x23f build/stm32f4xx_hal_gpio.o
 .debug_abbrev  0x00001b7e      0x3ca build/stm32f4xx_hal_cortex.o
 .debug_abbrev  0x00001f48      0x275 build/stm32f4xx_hal.o
 .debug_abbrev  0x000021bd      0x11b build/system_stm32f4xx.o
 .debug_abbrev  0x000022d8      0x2f7 build/usbd_core.o
 .debug_abbrev  0x000025cf      0x362 build/usbd_ctlreq.o
 .debug_abbrev  0x00002931      0x195 build/usbd_ioreq.o
 .debug_abbrev  0x00002ac6      0x32f build/usbd_cdc.o
 .debug_abbrev  0x00002df5       0x1d build/startup_stm32f411xe.o
 .debug_abbrev  0x00002e12       0x9e /usr/lib/gcc/arm-none-eabi/15.2.0/../../../../arm-none-eabi/lib/thumb/v7e-m+fp/hard/libc_nano.a(libc_a-memset.o)
 .debug_abbrev  0x00002eb0       0xc9 /usr/lib/gcc/arm-none-eabi/15.2.0/../../../../arm-none-eabi/lib/thumb/v7e-m+fp/hard/libc_nano.a(libc_a-init.o)
 .debug_abbrev  0x00002f79       0x28 /usr/lib/gcc/arm-none-eabi/15.2.0/../../../../arm-none-eabi/lib/thumb/v7e-m+fp/hard/libc_nano.a(libc_a-strlen.o)
 .debug_abbrev  0x00002fa1       0x14 /usr/lib/gcc/arm-none-eabi/15.2.0/thumb/v7e-m+fp/hard/libgcc.a(_aeabi_uldivmod.o)
 .debug_abbrev  0x00002fb5      0x170 /usr/lib/gcc/arm-none-eabi/15.2.0/thumb/v7e-m+fp/hard/libgcc.a(_udivmoddi4.o)
 .debug_abbrev  0x00003125       0x26 /usr/lib/gcc/arm-none-eabi/15.2.0/thumb/v7e-m+fp/hard/libgcc.a(_dvmd_tls.o)

.debug_loc      0x00000000     0xb1f9
 .debug_loc     0x00000000       0xaa build/main.o
 .debug_loc     0x000000aa       0x40 build/stm32f4xx_it.o
 .debug_loc     0x000000ea       0x2c build/stm32f4xx_hal_msp.o
 .debug_loc     0x00000116       0x20 build/usb_device.o
 .debug_loc     0x00000136      0x4eb build/usbd_desc.o
 .debug_loc     0x00000621      0x217 build/usbd_cdc_if.o
 .debug_loc     0x00000838     0x10d7 build/usbd_conf.o
 .debug_loc     0x0000190f     0x18fb build/stm32f4xx_hal_pcd.o
 .debug_loc     0x0000320a      0x147 build/stm32f4xx_hal_pcd_ex.o
 .debug_loc     0x00003351     0x2892 build/stm32f4xx_ll_usb.o
 .debug_loc     0x00005be3      0x6de build/stm32f4xx_hal_rcc.o
 .debug_loc     0x000062c1      0x5d5 build/stm32f4xx_hal_gpio.o
 .debug_loc     0x00006896      0x896 build/stm32f4xx_hal_cortex.o
 .debug_loc     0x0000712c      0x1f9 build/stm32f4xx_hal.o
 .debug_loc     0x00007325       0xb0 build/system_stm32f4xx.o
 .debug_loc     0x000073d5     0x115e build/usbd_core.o
 .debug_loc     0x00008533     0x1c24 build/usbd_ctlreq.o
 .debug_loc     0x0000a157      0x3f8 build/usbd_ioreq.o
 .debug_loc     0x0000a54f      0xcaa build/usbd_cdc.o

.debug_aranges  0x00000000      0xbd0
 .debug_aranges
                0x00000000       0x38 build/main.o
 .debug_aranges
                0x00000038       0x68 build/stm32f4xx_it.o
 .debug_aranges
                0x000000a0       0x20 build/stm32f4xx_hal_msp.o
 .debug_aranges
                0x000000c0       0x20 build/usb_device.o
 .debug_aranges
                0x000000e0       0x60 build/usbd_desc.o
 .debug_aranges
                0x00000140       0x48 build/usbd_cdc_if.o
 .debug_aranges
                0x00000188      0x110 build/usbd_conf.o
 .debug_aranges
                0x00000298      0x148 build/stm32f4xx_hal_pcd.o
 .debug_aranges
                0x000003e0       0x38 build/stm32f4xx_hal_pcd_ex.o
 .debug_aranges
                0x00000418      0x1a0 build/stm32f4xx_ll_usb.o
 .debug_aranges
                0x000005b8       0x88 build/stm32f4xx_hal_rcc.o
 .debug_aranges
                0x00000640       0x58 build/stm32f4xx_hal_gpio.o
 .debug_aranges
                0x00000698       0xf8 build/stm32f4xx_hal_cortex.o
 .debug_aranges
                0x00000790       0xf0 build/stm32f4xx_hal.o
 .debug_aranges
                0x00000880       0x28 build/system_stm32f4xx.o
 .debug_aranges
                0x000008a8       0xd8 build/usbd_core.o
 .debug_aranges
                0x00000980       0x88 build/usbd_ctlreq.o
 .debug_aranges
                0x00000a08       0x50 build/usbd_ioreq.o
 .debug_aranges
                0x00000a58       0x90 build/usbd_cdc.o
 .debug_aranges
                0x00000ae8       0x28 build/startup_stm32f411xe.o
 .debug_aranges
                0x00000b10       0x20 /usr/lib/gcc/arm-none-eabi/15.2.0/../../../../arm-none-eabi/lib/thumb/v7e-m+fp/hard/libc_nano.a(libc_a-memset.o)
 .debug_aranges
                0x00000b30       0x20 /usr/lib/gcc/arm-none-eabi/15.2.0/../../../../arm-none-eabi/lib/thumb/v7e-m+fp/hard/libc_nano.a(libc_a-init.o)
 .debug_aranges
                0x00000b50       0x20 /usr/lib/gcc/arm-none-eabi/15.2.0/../../../../arm-none-eabi/lib/thumb/v7e-m+fp/hard/libc_nano.a(libc_a-strlen.o)
 .debug_aranges
                0x00000b70       0x20 /usr/lib/gcc/arm-none-eabi/15.2.0/thumb/v7e-m+fp/hard/libgcc.a(_aeabi_uldivmod.o)
 .debug_aranges
                0x00000b90       0x20 /usr/lib/gcc/arm-none-eabi/15.2.0/thumb/v7e-m+fp/hard/libgcc.a(_udivmoddi4.o)
 .debug_aranges
                0x00000bb0       0x20 /usr/lib/gcc/arm-none-eabi/15.2.0/thumb/v7e-m+fp/hard/libgcc.a(_dvmd_tls.o)

.debug_ranges   0x00000000      0x9f0
 .debug_ranges  0x00000000       0x28 build/main.o
 .debug_ranges  0x00000028       0x58 build/stm32f4xx_it.o
 .debug_ranges  0x00000080       0x10 build/stm32f4xx_hal_msp.o
 .debug_ranges  0x00000090       0x10 build/usb_device.o
 .debug_ranges  0x000000a0       0x50 build/usbd_desc.o
 .debug_ranges  0x000000f0       0x38 build/usbd_cdc_if.o
 .debug_ranges  0x00000128      0x100 build/usbd_conf.o
 .debug_ranges  0x00000228      0x138 build/stm32f4xx_hal_pcd.o
 .debug_ranges  0x00000360       0x28 build/stm32f4xx_hal_pcd_ex.o
 .debug_ranges  0x00000388      0x190 build/stm32f4xx_ll_usb.o
 .debug_ranges  0x00000518       0x90 build/stm32f4xx_hal_rcc.o
 .debug_ranges  0x000005a8       0x48 build/stm32f4xx_hal_gpio.o
 .debug_ranges  0x000005f0       0xe8 build/stm32f4xx_hal_cortex.o
 .debug_ranges  0x000006d8       0xe0 build/stm32f4xx_hal.o
 .debug_ranges  0x000007b8       0x18 build/system_stm32f4xx.o
 .debug_ranges  0x000007d0       0xc8 build/usbd_core.o
 .debug_ranges  0x00000898       0x78 build/usbd_ctlreq.o
 .debug_ranges  0x00000910       0x40 build/usbd_ioreq.o
 .debug_ranges  0x00000950       0x80 build/usbd_cdc.o
 .debug_ranges  0x000009d0       0x20 build/startup_stm32f411xe.o

.debug_line     0x00000000     0x9701
 .debug_line    0x00000000      0x3f7 build/main.o
 .debug_line    0x000003f7      0x238 build/stm32f4xx_it.o
 .debug_line    0x0000062f       0xfe build/stm32f4xx_hal_msp.o
 .debug_line    0x0000072d      0x1c1 build/usb_device.o
 .debug_line    0x000008ee      0x2e4 build/usbd_desc.o
 .debug_line    0x00000bd2      0x20c build/usbd_cdc_if.o
 .debug_line    0x00000dde      0x7b3 build/usbd_conf.o
 .debug_line    0x00001591     0x13ed build/stm32f4xx_hal_pcd.o
 .debug_line    0x0000297e      0x248 build/stm32f4xx_hal_pcd_ex.o
 .debug_line    0x00002bc6     0x1e8d build/stm32f4xx_ll_usb.o
 .debug_line    0x00004a53      0xb67 build/stm32f4xx_hal_rcc.o
 .debug_line    0x000055ba      0x655 build/stm32f4xx_hal_gpio.o
 .debug_line    0x00005c0f      0x7e1 build/stm32f4xx_hal_cortex.o
 .debug_line    0x000063f0      0x511 build/stm32f4xx_hal.o
 .debug_line    0x00006901      0x1f5 build/system_stm32f4xx.o
 .debug_line    0x00006af6      0x99b build/usbd_core.o
 .debug_line    0x00007491      0xce4 build/usbd_ctlreq.o
 .debug_line    0x00008175      0x25e build/usbd_ioreq.o
 .debug_line    0x000083d3      0x9be build/usbd_cdc.o
 .debug_line    0x00008d91       0x73 build/startup_stm32f411xe.o
 .debug_line    0x00008e04      0x12d /usr/lib/gcc/arm-none-eabi/15.2.0/../../../../arm-none-eabi/lib/thumb/v7e-m+fp/hard/libc_nano.a(libc_a-memset.o)
 .debug_line    0x00008f31       0xff /usr/lib/gcc/arm-none-eabi/15.2.0/../../../../arm-none-eabi/lib/thumb/v7e-m+fp/hard/libc_nano.a(libc_a-init.o)
 .debug_line    0x00009030       0x4f /usr/lib/gcc/arm-none-eabi/15.2.0/../../../../arm-none-eabi/lib/thumb/v7e-m+fp/hard/libc_nano.a(libc_a-strlen.o)
 .debug_line    0x0000907f       0x4e /usr/lib/gcc/arm-none-eabi/15.2.0/thumb/v7e-m+fp/hard/libgcc.a(_aeabi_uldivmod.o)
 .debug_line    0x000090cd      0x5ea /usr/lib/gcc/arm-none-eabi/15.2.0/thumb/v7e-m+fp/hard/libgcc.a(_udivmoddi4.o)
 .debug_line    0x000096b7       0x4a /usr/lib/gcc/arm-none-eabi/15.2.0/thumb/v7e-m+fp/hard/libgcc.a(_dvmd_tls.o)

.debug_str      0x00000000     0x3e9f
 .debug_str     0x00000000     0x3e9f build/main.o
                                0x58c (size before relaxing)
 .debug_str     0x00003e9f        0x0 build/stm32f4xx_it.o
                                0x632 (size before relaxing)
 .debug_str     0x00003e9f        0x0 build/stm32f4xx_hal_msp.o
                                0x29d (size before relaxing)
 .debug_str     0x00003e9f        0x0 build/usb_device.o
                                0x69d (size before relaxing)
 .debug_str     0x00003e9f        0x0 build/usbd_desc.o
                                0x42e (size before relaxing)
 .debug_str     0x00003e9f        0x0 build/usbd_cdc_if.o
                                0x76b (size before relaxing)
 .debug_str     0x00003e9f        0x0 build/usbd_conf.o
                               0x1466 (size before relaxing)
 .debug_str     0x00003e9f        0x0 build/stm32f4xx_hal_pcd.o
                                0xdd5 (size before relaxing)
 .debug_str     0x00003e9f        0x0 build/stm32f4xx_hal_pcd_ex.o
                                0x713 (size before relaxing)
 .debug_str     0x00003e9f        0x0 build/stm32f4xx_ll_usb.o
                                0xcfe (size before relaxing)
 .debug_str     0x00003e9f        0x0 build/stm32f4xx_hal_rcc.o
                                0x6e8 (size before relaxing)
 .debug_str     0x00003e9f        0x0 build/stm32f4xx_hal_gpio.o
                                0x4c2 (size before relaxing)
 .debug_str     0x00003e9f        0x0 build/stm32f4xx_hal_cortex.o
                                0xaed (size before relaxing)
 .debug_str     0x00003e9f        0x0 build/stm32f4xx_hal.o
                                0x9ee (size before relaxing)
 .debug_str     0x00003e9f        0x0 build/system_stm32f4xx.o
                                0x357 (size before relaxing)
 .debug_str     0x00003e9f        0x0 build/usbd_core.o
                                0x9af (size before relaxing)
 .debug_str     0x00003e9f        0x0 build/usbd_ctlreq.o
                                0x7da (size before relaxing)
 .debug_str     0x00003e9f        0x0 build/usbd_ioreq.o
                                0x6af (size before relaxing)
 .debug_str     0x00003e9f        0x0 build/usbd_cdc.o
                                0xd68 (size before relaxing)
 .debug_str     0x00003e9f        0x0 build/startup_stm32f411xe.o
                                 0x59 (size before relaxing)
 .debug_str     0x00003e9f        0x0 /usr/lib/gcc/arm-none-eabi/15.2.0/../../../../arm-none-eabi/lib/thumb/v7e-m+fp/hard/libc_nano.a(libc_a-memset.o)
                                0x1df (size before relaxing)
 .debug_str     0x00003e9f        0x0 /usr/lib/gcc/arm-none-eabi/15.2.0/../../../../arm-none-eabi/lib/thumb/v7e-m+fp/hard/libc_nano.a(libc_a-init.o)
                                0x240 (size before relaxing)
 .debug_str     0x00003e9f        0x0 /usr/lib/gcc/arm-none-eabi/15.2.0/../../../../arm-none-eabi/lib/thumb/v7e-m+fp/hard/libc_nano.a(libc_a-strlen.o)
                                 0xda (size before relaxing)
 .debug_str     0x00003e9f        0x0 /usr/lib/gcc/arm-none-eabi/15.2.0/thumb/v7e-m+fp/hard/libgcc.a(_aeabi_uldivmod.o)
                                 0xd2 (size before relaxing)
 .debug_str     0x00003e9f        0x0 /usr/lib/gcc/arm-none-eabi/15.2.0/thumb/v7e-m+fp/hard/libgcc.a(_udivmoddi4.o)
                                0x6ab (size before relaxing)
 .debug_str     0x00003e9f        0x0 /usr/lib/gcc/arm-none-eabi/15.2.0/thumb/v7e-m+fp/hard/libgcc.a(_dvmd_tls.o)
                                 0xf2 (size before relaxing)

.debug_frame    0x00000000     0x1b64
 .debug_frame   0x00000000       0x80 build/main.o
 .debug_frame   0x00000080       0xc0 build/stm32f4xx_it.o
 .debug_frame   0x00000140       0x28 build/stm32f4xx_hal_msp.o
 .debug_frame   0x00000168       0x28 build/usb_device.o
 .debug_frame   0x00000190       0xdc build/usbd_desc.o
 .debug_frame   0x0000026c       0x88 build/usbd_cdc_if.o
 .debug_frame   0x000002f4      0x2e4 build/usbd_conf.o
 .debug_frame   0x000005d8      0x384 build/stm32f4xx_hal_pcd.o
 .debug_frame   0x0000095c       0x58 build/stm32f4xx_hal_pcd_ex.o
 .debug_frame   0x000009b4      0x464 build/stm32f4xx_ll_usb.o
 .debug_frame   0x00000e18      0x16c build/stm32f4xx_hal_rcc.o
 .debug_frame   0x00000f84       0xd0 build/stm32f4xx_hal_gpio.o
 .debug_frame   0x00001054      0x214 build/stm32f4xx_hal_cortex.o
 .debug_frame   0x00001268      0x1ec build/stm32f4xx_hal.o
 .debug_frame   0x00001454       0x30 build/system_stm32f4xx.o
 .debug_frame   0x00001484      0x240 build/usbd_core.o
 .debug_frame   0x000016c4      0x180 build/usbd_ctlreq.o
 .debug_frame   0x00001844       0xb8 build/usbd_ioreq.o
 .debug_frame   0x000018fc      0x18c build/usbd_cdc.o
 .debug_frame   0x00001a88       0x20 /usr/lib/gcc/arm-none-eabi/15.2.0/../../../../arm-none-eabi/lib/thumb/v7e-m+fp/hard/libc_nano.a(libc_a-memset.o)
 .debug_frame   0x00001aa8       0x2c /usr/lib/gcc/arm-none-eabi/15.2.0/../../../../arm-none-eabi/lib/thumb/v7e-m+fp/hard/libc_nano.a(libc_a-init.o)
 .debug_frame   0x00001ad4       0x20 /usr/lib/gcc/arm-none-eabi/15.2.0/../../../../arm-none-eabi/lib/thumb/v7e-m+fp/hard/libc_nano.a(libc_a-strlen.o)
 .debug_frame   0x00001af4       0x2c /usr/lib/gcc/arm-none-eabi/15.2.0/thumb/v7e-m+fp/hard/libgcc.a(_aeabi_uldivmod.o)
 .debug_frame   0x00001b20       0x44 /usr/lib/gcc/arm-none-eabi/15.2.0/thumb/v7e-m+fp/hard/libgcc.a(_udivmoddi4.o)

.debug_loclists
                0x00000000      0xacb
 .debug_loclists
                0x00000000       0x4d /usr/lib/gcc/arm-none-eabi/15.2.0/../../../../arm-none-eabi/lib/thumb/v7e-m+fp/hard/libc_nano.a(libc_a-memset.o)
 .debug_loclists
                0x0000004d       0x54 /usr/lib/gcc/arm-none-eabi/15.2.0/../../../../arm-none-eabi/lib/thumb/v7e-m+fp/hard/libc_nano.a(libc_a-init.o)
 .debug_loclists
                0x000000a1      0xa2a /usr/lib/gcc/arm-none-eabi/15.2.0/thumb/v7e-m+fp/hard/libgcc.a(_udivmoddi4.o)

.debug_rnglists
                0x00000000       0xb4
 .debug_rnglists
                0x00000000       0x13 /usr/lib/gcc/arm-none-eabi/15.2.0/../../../../arm-none-eabi/lib/thumb/v7e-m+fp/hard/libc_nano.a(libc_a-memset.o)
 .debug_rnglists
                0x00000013       0x13 /usr/lib/gcc/arm-none-eabi/15.2.0/../../../../arm-none-eabi/lib/thumb/v7e-m+fp/hard/libc_nano.a(libc_a-init.o)
 .debug_rnglists
                0x00000026       0x8e /usr/lib/gcc/arm-none-eabi/15.2.0/thumb/v7e-m+fp/hard/libgcc.a(_udivmoddi4.o)

.debug_line_str
                0x00000000      0x199
 .debug_line_str
                0x00000000      0x199 /usr/lib/gcc/arm-none-eabi/15.2.0/../../../../arm-none-eabi/lib/thumb/v7e-m+fp/hard/libc_nano.a(libc_a-strlen.o)
                                 0xc7 (size before relaxing)
 .debug_line_str
                0x00000199        0x0 /usr/lib/gcc/arm-none-eabi/15.2.0/thumb/v7e-m+fp/hard/libgcc.a(_aeabi_uldivmod.o)
                                 0xc6 (size before relaxing)
 .debug_line_str
                0x00000199        0x0 /usr/lib/gcc/arm-none-eabi/15.2.0/thumb/v7e-m+fp/hard/libgcc.a(_dvmd_tls.o)
                                 0xca (size before relaxing)

Cross Reference Table

Symbol                                            File
ADC_IRQHandler                                    build/startup_stm32f411xe.o
AHBPrescTable                                     build/system_stm32f4xx.o
                                                  build/stm32f4xx_hal_rcc.o
APBPrescTable                                     build/system_stm32f4xx.o
                                                  build/stm32f4xx_hal_rcc.o
BusFault_Handler                                  build/stm32f4xx_it.o
CDC_Transmit_FS                                   build/usbd_cdc_if.o
                                                  build/main.o
DMA1_Stream0_IRQHandler                           build/startup_stm32f411xe.o
DMA1_Stream1_IRQHandler                           build/startup_stm32f411xe.o
DMA1_Stream2_IRQHandler                           build/startup_stm32f411xe.o
DMA1_Stream3_IRQHandler                           build/startup_stm32f411xe.o
DMA1_Stream4_IRQHandler                           build/startup_stm32f411xe.o
DMA1_Stream5_IRQHandler                           build/startup_stm32f411xe.o
DMA1_Stream6_IRQHandler                           build/startup_stm32f411xe.o
DMA1_Stream7_IRQHandler                           build/startup_stm32f411xe.o
DMA2_Stream0_IRQHandler                           build/startup_stm32f411xe.o
DMA2_Stream1_IRQHandler                           build/startup_stm32f411xe.o
DMA2_Stream2_IRQHandler                           build/startup_stm32f411xe.o
DMA2_Stream3_IRQHandler                           build/startup_stm32f411xe.o
DMA2_Stream4_IRQHandler                           build/startup_stm32f411xe.o
DMA2_Stream5_IRQHandler                           build/startup_stm32f411xe.o
DMA2_Stream6_IRQHandler                           build/startup_stm32f411xe.o
DMA2_Stream7_IRQHandler                           build/startup_stm32f411xe.o
DebugMon_Handler                                  build/stm32f4xx_it.o
Default_Handler                                   build/startup_stm32f411xe.o
EXTI0_IRQHandler                                  build/startup_stm32f411xe.o
EXTI15_10_IRQHandler                              build/startup_stm32f411xe.o
EXTI1_IRQHandler                                  build/startup_stm32f411xe.o
EXTI2_IRQHandler                                  build/startup_stm32f411xe.o
EXTI3_IRQHandler                                  build/startup_stm32f411xe.o
EXTI4_IRQHandler                                  build/startup_stm32f411xe.o
EXTI9_5_IRQHandler                                build/startup_stm32f411xe.o
Error_Handler                                     build/main.o
                                                  build/usbd_conf.o
                                                  build/usb_device.o
FLASH_Erase_Sector                                build/stm32f4xx_hal_flash_ex.o
                                                  build/stm32f4xx_hal_flash.o
FLASH_FlushCaches                                 build/stm32f4xx_hal_flash_ex.o
                                                  build/stm32f4xx_hal_flash.o
FLASH_IRQHandler                                  build/startup_stm32f411xe.o
FLASH_WaitForLastOperation                        build/stm32f4xx_hal_flash.o
                                                  build/stm32f4xx_hal_flash_ex.o
FPU_IRQHandler                                    build/startup_stm32f411xe.o
FS_Desc                                           build/usbd_desc.o
                                                  build/usb_device.o
HAL_CORTEX_ClearEvent                             build/stm32f4xx_hal_cortex.o
HAL_DBGMCU_DisableDBGSleepMode                    build/stm32f4xx_hal.o
HAL_DBGMCU_DisableDBGStandbyMode                  build/stm32f4xx_hal.o
HAL_DBGMCU_DisableDBGStopMode                     build/stm32f4xx_hal.o
HAL_DBGMCU_EnableDBGSleepMode                     build/stm32f4xx_hal.o
HAL_DBGMCU_EnableDBGStandbyMode                   build/stm32f4xx_hal.o
HAL_DBGMCU_EnableDBGStopMode                      build/stm32f4xx_hal.o
HAL_DMAEx_ChangeMemory                            build/stm32f4xx_hal_dma_ex.o
HAL_DMAEx_MultiBufferStart                        build/stm32f4xx_hal_dma_ex.o
HAL_DMAEx_MultiBufferStart_IT                     build/stm32f4xx_hal_dma_ex.o
HAL_DMA_Abort                                     build/stm32f4xx_hal_dma.o
HAL_DMA_Abort_IT                                  build/stm32f4xx_hal_dma.o
HAL_DMA_DeInit                                    build/stm32f4xx_hal_dma.o
HAL_DMA_GetError                                  build/stm32f4xx_hal_dma.o
HAL_DMA_GetState                                  build/stm32f4xx_hal_dma.o
HAL_DMA_IRQHandler                                build/stm32f4xx_hal_dma.o
HAL_DMA_Init                                      build/stm32f4xx_hal_dma.o
HAL_DMA_PollForTransfer                           build/stm32f4xx_hal_dma.o
HAL_DMA_RegisterCallback                          build/stm32f4xx_hal_dma.o
HAL_DMA_Start                                     build/stm32f4xx_hal_dma.o
HAL_DMA_Start_IT                                  build/stm32f4xx_hal_dma.o
HAL_DMA_UnRegisterCallback                        build/stm32f4xx_hal_dma.o
HAL_DeInit                                        build/stm32f4xx_hal.o
HAL_Delay                                         build/stm32f4xx_hal.o
                                                  build/stm32f4xx_ll_usb.o
                                                  build/usbd_conf.o
                                                  build/main.o
HAL_DisableCompensationCell                       build/stm32f4xx_hal.o
HAL_EXTI_ClearConfigLine                          build/stm32f4xx_hal_exti.o
HAL_EXTI_ClearPending                             build/stm32f4xx_hal_exti.o
HAL_EXTI_GenerateSWI                              build/stm32f4xx_hal_exti.o
HAL_EXTI_GetConfigLine                            build/stm32f4xx_hal_exti.o
HAL_EXTI_GetHandle                                build/stm32f4xx_hal_exti.o
HAL_EXTI_GetPending                               build/stm32f4xx_hal_exti.o
HAL_EXTI_IRQHandler                               build/stm32f4xx_hal_exti.o
HAL_EXTI_RegisterCallback                         build/stm32f4xx_hal_exti.o
HAL_EXTI_SetConfigLine                            build/stm32f4xx_hal_exti.o
HAL_EnableCompensationCell                        build/stm32f4xx_hal.o
HAL_FLASHEx_AdvOBGetConfig                        build/stm32f4xx_hal_flash_ex.o
HAL_FLASHEx_AdvOBProgram                          build/stm32f4xx_hal_flash_ex.o
HAL_FLASHEx_DisableFlashSleepMode                 build/stm32f4xx_hal_flash_ramfunc.o
HAL_FLASHEx_EnableFlashSleepMode                  build/stm32f4xx_hal_flash_ramfunc.o
HAL_FLASHEx_Erase                                 build/stm32f4xx_hal_flash_ex.o
HAL_FLASHEx_Erase_IT                              build/stm32f4xx_hal_flash_ex.o
HAL_FLASHEx_OBGetConfig                           build/stm32f4xx_hal_flash_ex.o
HAL_FLASHEx_OBProgram                             build/stm32f4xx_hal_flash_ex.o
HAL_FLASHEx_OB_DeSelectPCROP                      build/stm32f4xx_hal_flash_ex.o
HAL_FLASHEx_OB_SelectPCROP                        build/stm32f4xx_hal_flash_ex.o
HAL_FLASHEx_StartFlashInterfaceClk                build/stm32f4xx_hal_flash_ramfunc.o
HAL_FLASHEx_StopFlashInterfaceClk                 build/stm32f4xx_hal_flash_ramfunc.o
HAL_FLASH_EndOfOperationCallback                  build/stm32f4xx_hal_flash.o
HAL_FLASH_GetError                                build/stm32f4xx_hal_flash.o
HAL_FLASH_IRQHandler                              build/stm32f4xx_hal_flash.o
HAL_FLASH_Lock                                    build/stm32f4xx_hal_flash.o
HAL_FLASH_OB_Launch                               build/stm32f4xx_hal_flash.o
HAL_FLASH_OB_Lock                                 build/stm32f4xx_hal_flash.o
HAL_FLASH_OB_Unlock                               build/stm32f4xx_hal_flash.o
HAL_FLASH_OperationErrorCallback                  build/stm32f4xx_hal_flash.o
HAL_FLASH_Program                                 build/stm32f4xx_hal_flash.o
HAL_FLASH_Program_IT                              build/stm32f4xx_hal_flash.o
HAL_FLASH_Unlock                                  build/stm32f4xx_hal_flash.o
HAL_GPIO_DeInit                                   build/stm32f4xx_hal_gpio.o
                                                  build/usbd_conf.o
HAL_GPIO_EXTI_Callback                            build/stm32f4xx_hal_gpio.o
HAL_GPIO_EXTI_IRQHandler                          build/stm32f4xx_hal_gpio.o
HAL_GPIO_Init                                     build/stm32f4xx_hal_gpio.o
                                                  build/stm32f4xx_hal_rcc.o
                                                  build/usbd_conf.o
                                                  build/main.o
HAL_GPIO_LockPin                                  build/stm32f4xx_hal_gpio.o
HAL_GPIO_ReadPin                                  build/stm32f4xx_hal_gpio.o
                                                  build/main.o
HAL_GPIO_TogglePin                                build/stm32f4xx_hal_gpio.o
HAL_GPIO_WritePin                                 build/stm32f4xx_hal_gpio.o
                                                  build/main.o
HAL_GetDEVID                                      build/stm32f4xx_hal.o
HAL_GetHalVersion                                 build/stm32f4xx_hal.o
HAL_GetREVID                                      build/stm32f4xx_hal.o
HAL_GetTick                                       build/stm32f4xx_hal.o
                                                  build/stm32f4xx_hal_pwr_ex.o
                                                  build/stm32f4xx_hal_dma.o
                                                  build/stm32f4xx_hal_flash.o
                                                  build/stm32f4xx_hal_rcc_ex.o
                                                  build/stm32f4xx_hal_rcc.o
HAL_GetTickFreq                                   build/stm32f4xx_hal.o
HAL_GetTickPrio                                   build/stm32f4xx_hal.o
HAL_GetUIDw0                                      build/stm32f4xx_hal.o
HAL_GetUIDw1                                      build/stm32f4xx_hal.o
HAL_GetUIDw2                                      build/stm32f4xx_hal.o
HAL_IncTick                                       build/stm32f4xx_hal.o
                                                  build/stm32f4xx_it.o
HAL_Init                                          build/stm32f4xx_hal.o
                                                  build/main.o
HAL_InitTick                                      build/stm32f4xx_hal.o
                                                  build/stm32f4xx_hal_rcc_ex.o
                                                  build/stm32f4xx_hal_rcc.o
HAL_MPU_ConfigRegion                              build/stm32f4xx_hal_cortex.o
HAL_MPU_Disable                                   build/stm32f4xx_hal_cortex.o
HAL_MPU_DisableRegion                             build/stm32f4xx_hal_cortex.o
HAL_MPU_Enable                                    build/stm32f4xx_hal_cortex.o
HAL_MPU_EnableRegion                              build/stm32f4xx_hal_cortex.o
HAL_MspDeInit                                     build/stm32f4xx_hal.o
HAL_MspInit                                       build/stm32f4xx_hal_msp.o
HAL_NVIC_ClearPendingIRQ                          build/stm32f4xx_hal_cortex.o
HAL_NVIC_DisableIRQ                               build/stm32f4xx_hal_cortex.o
                                                  build/usbd_conf.o
HAL_NVIC_EnableIRQ                                build/stm32f4xx_hal_cortex.o
                                                  build/usbd_conf.o
HAL_NVIC_GetActive                                build/stm32f4xx_hal_cortex.o
HAL_NVIC_GetPendingIRQ                            build/stm32f4xx_hal_cortex.o
HAL_NVIC_GetPriority                              build/stm32f4xx_hal_cortex.o
HAL_NVIC_GetPriorityGrouping                      build/stm32f4xx_hal_cortex.o
HAL_NVIC_SetPendingIRQ                            build/stm32f4xx_hal_cortex.o
HAL_NVIC_SetPriority                              build/stm32f4xx_hal_cortex.o
                                                  build/stm32f4xx_hal.o
                                                  build/usbd_conf.o
HAL_NVIC_SetPriorityGrouping                      build/stm32f4xx_hal_cortex.o
                                                  build/stm32f4xx_hal.o
HAL_NVIC_SystemReset                              build/stm32f4xx_hal_cortex.o
HAL_PCDEx_BCD_Callback                            build/stm32f4xx_hal_pcd_ex.o
HAL_PCDEx_LPM_Callback                            build/stm32f4xx_hal_pcd_ex.o
                                                  build/stm32f4xx_hal_pcd.o
HAL_PCDEx_SetRxFiFo                               build/stm32f4xx_hal_pcd_ex.o
                                                  build/usbd_conf.o
HAL_PCDEx_SetTxFiFo                               build/stm32f4xx_hal_pcd_ex.o
                                                  build/usbd_conf.o
HAL_PCD_ActivateRemoteWakeup                      build/stm32f4xx_hal_pcd.o
HAL_PCD_ConnectCallback                           build/usbd_conf.o
HAL_PCD_DataInStageCallback                       build/usbd_conf.o
HAL_PCD_DataOutStageCallback                      build/usbd_conf.o
HAL_PCD_DeActivateRemoteWakeup                    build/stm32f4xx_hal_pcd.o
HAL_PCD_DeInit                                    build/stm32f4xx_hal_pcd.o
                                                  build/usbd_conf.o
HAL_PCD_DevConnect                                build/stm32f4xx_hal_pcd.o
HAL_PCD_DevDisconnect                             build/stm32f4xx_hal_pcd.o
HAL_PCD_DisconnectCallback                        build/usbd_conf.o
HAL_PCD_EP_Abort                                  build/stm32f4xx_hal_pcd.o
HAL_PCD_EP_Close                                  build/stm32f4xx_hal_pcd.o
                                                  build/usbd_conf.o
HAL_PCD_EP_ClrStall                               build/stm32f4xx_hal_pcd.o
                                                  build/usbd_conf.o
HAL_PCD_EP_Flush                                  build/stm32f4xx_hal_pcd.o
                                                  build/usbd_conf.o
HAL_PCD_EP_GetRxCount                             build/stm32f4xx_hal_pcd.o
                                                  build/usbd_conf.o
HAL_PCD_EP_Open                                   build/stm32f4xx_hal_pcd.o
                                                  build/usbd_conf.o
HAL_PCD_EP_Receive                                build/stm32f4xx_hal_pcd.o
                                                  build/usbd_conf.o
HAL_PCD_EP_SetStall                               build/stm32f4xx_hal_pcd.o
                                                  build/usbd_conf.o
HAL_PCD_EP_Transmit                               build/stm32f4xx_hal_pcd.o
                                                  build/usbd_conf.o
HAL_PCD_GetState                                  build/stm32f4xx_hal_pcd.o
HAL_PCD_IRQHandler                                build/stm32f4xx_hal_pcd.o
                                                  build/stm32f4xx_it.o
HAL_PCD_ISOINIncompleteCallback                   build/usbd_conf.o
HAL_PCD_ISOOUTIncompleteCallback                  build/usbd_conf.o
HAL_PCD_Init                                      build/stm32f4xx_hal_pcd.o
                                                  build/usbd_conf.o
HAL_PCD_MspDeInit                                 build/usbd_conf.o
HAL_PCD_MspInit                                   build/usbd_conf.o
HAL_PCD_ResetCallback                             build/usbd_conf.o
HAL_PCD_ResumeCallback                            build/usbd_conf.o
HAL_PCD_SOFCallback                               build/usbd_conf.o
HAL_PCD_SetAddress                                build/stm32f4xx_hal_pcd.o
                                                  build/usbd_conf.o
HAL_PCD_SetTestMode                               build/stm32f4xx_hal_pcd.o
HAL_PCD_SetupStageCallback                        build/usbd_conf.o
HAL_PCD_Start                                     build/stm32f4xx_hal_pcd.o
                                                  build/usbd_conf.o
HAL_PCD_Stop                                      build/stm32f4xx_hal_pcd.o
                                                  build/usbd_conf.o
HAL_PCD_SuspendCallback                           build/usbd_conf.o
HAL_PCD_WKUP_IRQHandler                           build/stm32f4xx_hal_pcd.o
HAL_PWREx_ControlVoltageScaling                   build/stm32f4xx_hal_pwr_ex.o
HAL_PWREx_DisableBkUpReg                          build/stm32f4xx_hal_pwr_ex.o
HAL_PWREx_DisableFlashPowerDown                   build/stm32f4xx_hal_pwr_ex.o
HAL_PWREx_DisableLowRegulatorLowVoltage           build/stm32f4xx_hal_pwr_ex.o
HAL_PWREx_DisableMainRegulatorLowVoltage          build/stm32f4xx_hal_pwr_ex.o
HAL_PWREx_EnableBkUpReg                           build/stm32f4xx_hal_pwr_ex.o
HAL_PWREx_EnableFlashPowerDown                    build/stm32f4xx_hal_pwr_ex.o
HAL_PWREx_EnableLowRegulatorLowVoltage            build/stm32f4xx_hal_pwr_ex.o
HAL_PWREx_EnableMainRegulatorLowVoltage           build/stm32f4xx_hal_pwr_ex.o
HAL_PWREx_GetVoltageRange                         build/stm32f4xx_hal_pwr_ex.o
HAL_PWR_ConfigPVD                                 build/stm32f4xx_hal_pwr.o
HAL_PWR_DeInit                                    build/stm32f4xx_hal_pwr.o
HAL_PWR_DisableBkUpAccess                         build/stm32f4xx_hal_pwr.o
HAL_PWR_DisablePVD                                build/stm32f4xx_hal_pwr.o
HAL_PWR_DisableSEVOnPend                          build/stm32f4xx_hal_pwr.o
HAL_PWR_DisableSleepOnExit                        build/stm32f4xx_hal_pwr.o
HAL_PWR_DisableWakeUpPin                          build/stm32f4xx_hal_pwr.o
HAL_PWR_EnableBkUpAccess                          build/stm32f4xx_hal_pwr.o
HAL_PWR_EnablePVD                                 build/stm32f4xx_hal_pwr.o
HAL_PWR_EnableSEVOnPend                           build/stm32f4xx_hal_pwr.o
HAL_PWR_EnableSleepOnExit                         build/stm32f4xx_hal_pwr.o
HAL_PWR_EnableWakeUpPin                           build/stm32f4xx_hal_pwr.o
HAL_PWR_EnterSLEEPMode                            build/stm32f4xx_hal_pwr.o
HAL_PWR_EnterSTANDBYMode                          build/stm32f4xx_hal_pwr.o
HAL_PWR_EnterSTOPMode                             build/stm32f4xx_hal_pwr.o
HAL_PWR_PVDCallback                               build/stm32f4xx_hal_pwr.o
HAL_PWR_PVD_IRQHandler                            build/stm32f4xx_hal_pwr.o
HAL_RCCEx_DisablePLLI2S                           build/stm32f4xx_hal_rcc_ex.o
HAL_RCCEx_EnablePLLI2S                            build/stm32f4xx_hal_rcc_ex.o
HAL_RCCEx_GetPeriphCLKConfig                      build/stm32f4xx_hal_rcc_ex.o
HAL_RCCEx_GetPeriphCLKFreq                        build/stm32f4xx_hal_rcc_ex.o
HAL_RCCEx_PeriphCLKConfig                         build/stm32f4xx_hal_rcc_ex.o
HAL_RCCEx_SelectLSEMode                           build/stm32f4xx_hal_rcc_ex.o
HAL_RCC_CSSCallback                               build/stm32f4xx_hal_rcc.o
HAL_RCC_ClockConfig                               build/stm32f4xx_hal_rcc.o
                                                  build/main.o
HAL_RCC_DeInit                                    build/stm32f4xx_hal_rcc_ex.o
                                                  build/stm32f4xx_hal_rcc.o
HAL_RCC_DisableCSS                                build/stm32f4xx_hal_rcc.o
HAL_RCC_EnableCSS                                 build/stm32f4xx_hal_rcc.o
HAL_RCC_GetClockConfig                            build/stm32f4xx_hal_rcc.o
HAL_RCC_GetHCLKFreq                               build/stm32f4xx_hal_rcc.o
                                                  build/stm32f4xx_hal_pcd.o
HAL_RCC_GetOscConfig                              build/stm32f4xx_hal_rcc.o
HAL_RCC_GetPCLK1Freq                              build/stm32f4xx_hal_rcc.o
HAL_RCC_GetPCLK2Freq                              build/stm32f4xx_hal_rcc.o
HAL_RCC_GetSysClockFreq                           build/stm32f4xx_hal_rcc.o
HAL_RCC_MCOConfig                                 build/stm32f4xx_hal_rcc.o
HAL_RCC_NMI_IRQHandler                            build/stm32f4xx_hal_rcc.o
HAL_RCC_OscConfig                                 build/stm32f4xx_hal_rcc.o
                                                  build/main.o
HAL_ResumeTick                                    build/stm32f4xx_hal.o
HAL_SYSTICK_CLKSourceConfig                       build/stm32f4xx_hal_cortex.o
HAL_SYSTICK_Callback                              build/stm32f4xx_hal_cortex.o
HAL_SYSTICK_Config                                build/stm32f4xx_hal_cortex.o
                                                  build/stm32f4xx_hal.o
HAL_SYSTICK_IRQHandler                            build/stm32f4xx_hal_cortex.o
HAL_SetTickFreq                                   build/stm32f4xx_hal.o
HAL_SuspendTick                                   build/stm32f4xx_hal.o
HardFault_Handler                                 build/stm32f4xx_it.o
I2C1_ER_IRQHandler                                build/startup_stm32f411xe.o
I2C1_EV_IRQHandler                                build/startup_stm32f411xe.o
I2C2_ER_IRQHandler                                build/startup_stm32f411xe.o
I2C2_EV_IRQHandler                                build/startup_stm32f411xe.o
I2C3_ER_IRQHandler                                build/startup_stm32f411xe.o
I2C3_EV_IRQHandler                                build/startup_stm32f411xe.o
MX_USB_DEVICE_Init                                build/usb_device.o
                                                  build/main.o
MemManage_Handler                                 build/stm32f4xx_it.o
NMI_Handler                                       build/stm32f4xx_it.o
OTG_FS_IRQHandler                                 build/stm32f4xx_it.o
OTG_FS_WKUP_IRQHandler                            build/startup_stm32f411xe.o
PVD_IRQHandler                                    build/startup_stm32f411xe.o
PendSV_Handler                                    build/stm32f4xx_it.o
RCC_IRQHandler                                    build/startup_stm32f411xe.o
RTC_Alarm_IRQHandler                              build/startup_stm32f411xe.o
RTC_WKUP_IRQHandler                               build/startup_stm32f411xe.o
Reset_Handler                                     build/startup_stm32f411xe.o
SDIO_IRQHandler                                   build/startup_stm32f411xe.o
SPI1_IRQHandler                                   build/startup_stm32f411xe.o
SPI2_IRQHandler                                   build/startup_stm32f411xe.o
SPI3_IRQHandler                                   build/startup_stm32f411xe.o
SPI4_IRQHandler                                   build/startup_stm32f411xe.o
SPI5_IRQHandler                                   build/startup_stm32f411xe.o
SVC_Handler                                       build/stm32f4xx_it.o
SysTick_Handler                                   build/stm32f4xx_it.o
SystemClock_Config                                build/main.o
SystemCoreClock                                   build/system_stm32f4xx.o
                                                  build/stm32f4xx_hal.o
                                                  build/stm32f4xx_hal_dma.o
                                                  build/stm32f4xx_hal_rcc_ex.o
                                                  build/stm32f4xx_hal_rcc.o
SystemCoreClockUpdate                             build/system_stm32f4xx.o
SystemInit                                        build/system_stm32f4xx.o
                                                  build/startup_stm32f411xe.o
TAMP_STAMP_IRQHandler                             build/startup_stm32f411xe.o
TIM1_BRK_TIM9_IRQHandler                          build/startup_stm32f411xe.o
TIM1_CC_IRQHandler                                build/startup_stm32f411xe.o
TIM1_TRG_COM_TIM11_IRQHandler                     build/startup_stm32f411xe.o
TIM1_UP_TIM10_IRQHandler                          build/startup_stm32f411xe.o
TIM2_IRQHandler                                   build/startup_stm32f411xe.o
TIM3_IRQHandler                                   build/startup_stm32f411xe.o
TIM4_IRQHandler                                   build/startup_stm32f411xe.o
TIM5_IRQHandler                                   build/startup_stm32f411xe.o
USART1_IRQHandler                                 build/startup_stm32f411xe.o
USART2_IRQHandler                                 build/startup_stm32f411xe.o
USART6_IRQHandler                                 build/startup_stm32f411xe.o
USBD_CDC                                          build/usbd_cdc.o
                                                  build/usb_device.o
USBD_CDC_GetDeviceQualifierDescriptor             build/usbd_cdc.o
USBD_CDC_ReceivePacket                            build/usbd_cdc.o
                                                  build/usbd_cdc_if.o
USBD_CDC_RegisterInterface                        build/usbd_cdc.o
                                                  build/usb_device.o
USBD_CDC_SetRxBuffer                              build/usbd_cdc.o
                                                  build/usbd_cdc_if.o
USBD_CDC_SetTxBuffer                              build/usbd_cdc.o
                                                  build/usbd_cdc_if.o
USBD_CDC_TransmitPacket                           build/usbd_cdc.o
                                                  build/usbd_cdc_if.o
USBD_ClrClassConfig                               build/usbd_core.o
                                                  build/usbd_ctlreq.o
USBD_CoreFindEP                                   build/usbd_core.o
                                                  build/usbd_ctlreq.o
USBD_CoreFindIF                                   build/usbd_core.o
                                                  build/usbd_ctlreq.o
USBD_CtlContinueRx                                build/usbd_ioreq.o
                                                  build/usbd_core.o
USBD_CtlContinueSendData                          build/usbd_ioreq.o
                                                  build/usbd_core.o
USBD_CtlError                                     build/usbd_ctlreq.o
                                                  build/usbd_cdc.o
USBD_CtlPrepareRx                                 build/usbd_ioreq.o
                                                  build/usbd_cdc.o
USBD_CtlReceiveStatus                             build/usbd_ioreq.o
                                                  build/usbd_core.o
USBD_CtlSendData                                  build/usbd_ioreq.o
                                                  build/usbd_cdc.o
                                                  build/usbd_ctlreq.o
USBD_CtlSendStatus                                build/usbd_ioreq.o
                                                  build/usbd_ctlreq.o
                                                  build/usbd_core.o
USBD_DeInit                                       build/usbd_core.o
USBD_FS_ConfigStrDescriptor                       build/usbd_desc.o
USBD_FS_DeviceDesc                                build/usbd_desc.o
USBD_FS_DeviceDescriptor                          build/usbd_desc.o
USBD_FS_InterfaceStrDescriptor                    build/usbd_desc.o
USBD_FS_LangIDStrDescriptor                       build/usbd_desc.o
USBD_FS_ManufacturerStrDescriptor                 build/usbd_desc.o
USBD_FS_ProductStrDescriptor                      build/usbd_desc.o
USBD_FS_SerialStrDescriptor                       build/usbd_desc.o
USBD_GetEpDesc                                    build/usbd_core.o
                                                  build/usbd_cdc.o
USBD_GetNextDesc                                  build/usbd_core.o
USBD_GetRxCount                                   build/usbd_ioreq.o